0 verbose cli C:\Program Files\nodejs\node.exe C:\Program Files\nodejs\node_modules\npm\bin\npm-cli.js
1 info using npm@10.9.3
2 info using node@v22.20.0
3 silly config load:file:C:\Program Files\nodejs\node_modules\npm\npmrc
4 silly config load:file:D:\stsebastian-church\.npmrc
5 silly config load:file:C:\Users\dolus\.npmrc
6 silly config load:file:C:\Users\dolus\AppData\Roaming\npm\etc\npmrc
7 verbose title npm install
8 verbose argv "install"
9 verbose logfile logs-max:10 dir:D:\stsebastian-church\.npm-cache\_logs\2026-05-04T10_35_20_934Z-
10 verbose logfile D:\stsebastian-church\.npm-cache\_logs\2026-05-04T10_35_20_934Z-debug-0.log
11 silly logfile done cleaning log files
12 silly packumentCache heap:4345298944 maxSize:1086324736 maxEntrySize:543162368
13 silly idealTree buildDeps
14 silly fetch manifest xlsx@^0.18.5
15 silly packumentCache full:https://registry.npmjs.org/xlsx cache-miss
16 http fetch GET 200 https://registry.npmjs.org/xlsx 458ms (cache miss)
17 silly packumentCache full:https://registry.npmjs.org/xlsx set size:undefined disposed:false
18 silly placeDep ROOT xlsx@0.18.5 OK for: stsebastian-church@0.1.0 want: ^0.18.5
19 silly fetch manifest cfb@~1.2.1
20 silly packumentCache full:https://registry.npmjs.org/cfb cache-miss
21 silly fetch manifest ssf@~0.11.2
22 silly packumentCache full:https://registry.npmjs.org/ssf cache-miss
23 silly fetch manifest wmf@~1.0.1
24 silly packumentCache full:https://registry.npmjs.org/wmf cache-miss
25 silly fetch manifest word@~0.3.0
26 silly packumentCache full:https://registry.npmjs.org/word cache-miss
27 silly fetch manifest crc-32@~1.2.1
28 silly packumentCache full:https://registry.npmjs.org/crc-32 cache-miss
29 silly fetch manifest adler-32@~1.3.0
30 silly packumentCache full:https://registry.npmjs.org/adler-32 cache-miss
31 silly fetch manifest codepage@~1.15.0
32 silly packumentCache full:https://registry.npmjs.org/codepage cache-miss
33 http fetch GET 200 https://registry.npmjs.org/codepage 332ms (cache miss)
34 silly packumentCache full:https://registry.npmjs.org/codepage set size:undefined disposed:false
35 http fetch GET 200 https://registry.npmjs.org/ssf 934ms (cache miss)
36 silly packumentCache full:https://registry.npmjs.org/ssf set size:undefined disposed:false
37 http fetch GET 200 https://registry.npmjs.org/cfb 985ms (cache miss)
38 silly packumentCache full:https://registry.npmjs.org/cfb set size:undefined disposed:false
39 http fetch GET 200 https://registry.npmjs.org/adler-32 1259ms (cache miss)
40 silly packumentCache full:https://registry.npmjs.org/adler-32 set size:undefined disposed:false
41 http fetch GET 200 https://registry.npmjs.org/word 1431ms (cache miss)
42 silly packumentCache full:https://registry.npmjs.org/word set size:undefined disposed:false
43 http fetch GET 200 https://registry.npmjs.org/wmf 1682ms (cache miss)
44 silly packumentCache full:https://registry.npmjs.org/wmf set size:undefined disposed:false
45 http fetch GET 200 https://registry.npmjs.org/crc-32 2027ms (cache miss)
46 silly packumentCache full:https://registry.npmjs.org/crc-32 set size:undefined disposed:false
47 silly placeDep ROOT adler-32@1.3.1 OK for: xlsx@0.18.5 want: ~1.3.0
48 silly placeDep ROOT cfb@1.2.2 OK for: xlsx@0.18.5 want: ~1.2.1
49 silly placeDep ROOT codepage@1.15.0 OK for: xlsx@0.18.5 want: ~1.15.0
50 silly placeDep ROOT crc-32@1.2.2 OK for: xlsx@0.18.5 want: ~1.2.1
51 silly placeDep ROOT ssf@0.11.2 OK for: xlsx@0.18.5 want: ~0.11.2
52 silly placeDep ROOT wmf@1.0.2 OK for: xlsx@0.18.5 want: ~1.0.1
53 silly placeDep ROOT word@0.3.0 OK for: xlsx@0.18.5 want: ~0.3.0
54 silly fetch manifest crc-32@~1.2.0
55 silly packumentCache full:https://registry.npmjs.org/crc-32 cache-miss
56 silly fetch manifest frac@~1.1.2
57 silly packumentCache full:https://registry.npmjs.org/frac cache-miss
58 http cache https://registry.npmjs.org/crc-32 16ms (cache hit)
59 silly packumentCache full:https://registry.npmjs.org/crc-32 set size:32170 disposed:false
60 http fetch GET 200 https://registry.npmjs.org/frac 302ms (cache miss)
61 silly packumentCache full:https://registry.npmjs.org/frac set size:undefined disposed:false
62 silly placeDep ROOT frac@1.1.2 OK for: ssf@0.11.2 want: ~1.1.2
63 silly fetch manifest react@^16.3.0 || ^17.0.0 || ^18.0.0
64 silly packumentCache full:https://registry.npmjs.org/react cache-miss
65 http fetch GET 200 https://registry.npmjs.org/react 951ms (cache miss)
66 silly packumentCache full:https://registry.npmjs.org/react set size:undefined disposed:false
67 warn ERESOLVE overriding peer dependency {
67 warn ERESOLVE   code: 'ERESOLVE',
67 warn ERESOLVE   edge: {
67 warn ERESOLVE     type: 'peer',
67 warn ERESOLVE     name: 'react',
67 warn ERESOLVE     spec: '^16.3.0 || ^17.0.0 || ^18.0.0',
67 warn ERESOLVE     error: 'INVALID',
67 warn ERESOLVE     from: {
67 warn ERESOLVE       name: 'react-side-effect',
67 warn ERESOLVE       version: '2.1.2',
67 warn ERESOLVE       location: 'node_modules/react-helmet/node_modules/react-side-effect',
67 warn ERESOLVE       isWorkspace: false,
67 warn ERESOLVE       dependents: [Array]
67 warn ERESOLVE     }
67 warn ERESOLVE   },
67 warn ERESOLVE   dep: {
67 warn ERESOLVE     name: 'react',
67 warn ERESOLVE     version: '18.3.1',
67 warn ERESOLVE     whileInstalling: {
67 warn ERESOLVE       name: 'react-side-effect',
67 warn ERESOLVE       version: '2.1.2',
67 warn ERESOLVE       path: 'D:\\stsebastian-church\\node_modules\\react-helmet\\node_modules\\react-side-effect'
67 warn ERESOLVE     },
67 warn ERESOLVE     location: 'node_modules/react',
67 warn ERESOLVE     isWorkspace: false,
67 warn ERESOLVE     dependents: [ [Object] ]
67 warn ERESOLVE   },
67 warn ERESOLVE   force: false,
67 warn ERESOLVE   isMine: false,
67 warn ERESOLVE   strictPeerDeps: false,
67 warn ERESOLVE   current: {
67 warn ERESOLVE     name: 'react',
67 warn ERESOLVE     version: '19.2.5',
67 warn ERESOLVE     location: 'node_modules/react',
67 warn ERESOLVE     isWorkspace: false,
67 warn ERESOLVE     dependents: [ [Object], [Object], [Object], [Object], [Object] ]
67 warn ERESOLVE   },
67 warn ERESOLVE   peerConflict: {
67 warn ERESOLVE     current: {
67 warn ERESOLVE       name: 'react',
67 warn ERESOLVE       version: '19.2.5',
67 warn ERESOLVE       location: 'node_modules/react',
67 warn ERESOLVE       isWorkspace: false,
67 warn ERESOLVE       dependents: [Array]
67 warn ERESOLVE     },
67 warn ERESOLVE     peer: {
67 warn ERESOLVE       name: 'react',
67 warn ERESOLVE       version: '18.3.1',
67 warn ERESOLVE       whileInstalling: [Object],
67 warn ERESOLVE       location: 'node_modules/react',
67 warn ERESOLVE       isWorkspace: false,
67 warn ERESOLVE       dependents: [Array]
67 warn ERESOLVE     }
67 warn ERESOLVE   }
67 warn ERESOLVE }
68 silly reify moves {}
69 silly audit bulk request {
69 silly audit   '@alloc/quick-lru': [ '5.2.0' ],
69 silly audit   '@babel/code-frame': [ '7.29.0' ],
69 silly audit   '@babel/compat-data': [ '7.29.3' ],
69 silly audit   '@babel/core': [ '7.29.0' ],
69 silly audit   semver: [ '6.3.1', '7.7.4' ],
69 silly audit   '@babel/eslint-parser': [ '7.28.6' ],
69 silly audit   'eslint-visitor-keys': [ '2.1.0', '3.4.3' ],
69 silly audit   '@babel/generator': [ '7.29.1' ],
69 silly audit   '@babel/helper-annotate-as-pure': [ '7.27.3' ],
69 silly audit   '@babel/helper-compilation-targets': [ '7.28.6' ],
69 silly audit   '@babel/helper-create-class-features-plugin': [ '7.29.3' ],
69 silly audit   '@babel/helper-create-regexp-features-plugin': [ '7.28.5' ],
69 silly audit   '@babel/helper-define-polyfill-provider': [ '0.6.8' ],
69 silly audit   '@babel/helper-globals': [ '7.28.0' ],
69 silly audit   '@babel/helper-member-expression-to-functions': [ '7.28.5' ],
69 silly audit   '@babel/helper-module-imports': [ '7.28.6' ],
69 silly audit   '@babel/helper-module-transforms': [ '7.28.6' ],
69 silly audit   '@babel/helper-optimise-call-expression': [ '7.27.1' ],
69 silly audit   '@babel/helper-plugin-utils': [ '7.28.6' ],
69 silly audit   '@babel/helper-remap-async-to-generator': [ '7.27.1' ],
69 silly audit   '@babel/helper-replace-supers': [ '7.28.6' ],
69 silly audit   '@babel/helper-skip-transparent-expression-wrappers': [ '7.27.1' ],
69 silly audit   '@babel/helper-string-parser': [ '7.27.1' ],
69 silly audit   '@babel/helper-validator-identifier': [ '7.28.5' ],
69 silly audit   '@babel/helper-validator-option': [ '7.27.1' ],
69 silly audit   '@babel/helper-wrap-function': [ '7.28.6' ],
69 silly audit   '@babel/helpers': [ '7.29.2' ],
69 silly audit   '@babel/parser': [ '7.29.3' ],
69 silly audit   '@babel/plugin-bugfix-firefox-class-in-computed-class-key': [ '7.28.5' ],
69 silly audit   '@babel/plugin-bugfix-safari-class-field-initializer-scope': [ '7.27.1' ],
69 silly audit   '@babel/plugin-bugfix-safari-id-destructuring-collision-in-function-expression': [ '7.27.1' ],
69 silly audit   '@babel/plugin-bugfix-safari-rest-destructuring-rhs-array': [ '7.29.3' ],
69 silly audit   '@babel/plugin-bugfix-v8-spread-parameters-in-optional-chaining': [ '7.27.1' ],
69 silly audit   '@babel/plugin-bugfix-v8-static-class-fields-redefine-readonly': [ '7.28.6' ],
69 silly audit   '@babel/plugin-proposal-class-properties': [ '7.18.6' ],
69 silly audit   '@babel/plugin-proposal-decorators': [ '7.29.0' ],
69 silly audit   '@babel/plugin-proposal-nullish-coalescing-operator': [ '7.18.6' ],
69 silly audit   '@babel/plugin-proposal-numeric-separator': [ '7.18.6' ],
69 silly audit   '@babel/plugin-proposal-optional-chaining': [ '7.21.0' ],
69 silly audit   '@babel/plugin-proposal-private-methods': [ '7.18.6' ],
69 silly audit   '@babel/plugin-proposal-private-property-in-object': [ '7.21.0-placeholder-for-preset-env.2', '7.21.11' ],
69 silly audit   '@babel/plugin-syntax-async-generators': [ '7.8.4' ],
69 silly audit   '@babel/plugin-syntax-bigint': [ '7.8.3' ],
69 silly audit   '@babel/plugin-syntax-class-properties': [ '7.12.13' ],
69 silly audit   '@babel/plugin-syntax-class-static-block': [ '7.14.5' ],
69 silly audit   '@babel/plugin-syntax-decorators': [ '7.28.6' ],
69 silly audit   '@babel/plugin-syntax-flow': [ '7.28.6' ],
69 silly audit   '@babel/plugin-syntax-import-assertions': [ '7.28.6' ],
69 silly audit   '@babel/plugin-syntax-import-attributes': [ '7.28.6' ],
69 silly audit   '@babel/plugin-syntax-import-meta': [ '7.10.4' ],
69 silly audit   '@babel/plugin-syntax-json-strings': [ '7.8.3' ],
69 silly audit   '@babel/plugin-syntax-jsx': [ '7.28.6' ],
69 silly audit   '@babel/plugin-syntax-logical-assignment-operators': [ '7.10.4' ],
69 silly audit   '@babel/plugin-syntax-nullish-coalescing-operator': [ '7.8.3' ],
69 silly audit   '@babel/plugin-syntax-numeric-separator': [ '7.10.4' ],
69 silly audit   '@babel/plugin-syntax-object-rest-spread': [ '7.8.3' ],
69 silly audit   '@babel/plugin-syntax-optional-catch-binding': [ '7.8.3' ],
69 silly audit   '@babel/plugin-syntax-optional-chaining': [ '7.8.3' ],
69 silly audit   '@babel/plugin-syntax-private-property-in-object': [ '7.14.5' ],
69 silly audit   '@babel/plugin-syntax-top-level-await': [ '7.14.5' ],
69 silly audit   '@babel/plugin-syntax-typescript': [ '7.28.6' ],
69 silly audit   '@babel/plugin-syntax-unicode-sets-regex': [ '7.18.6' ],
69 silly audit   '@babel/plugin-transform-arrow-functions': [ '7.27.1' ],
69 silly audit   '@babel/plugin-transform-async-generator-functions': [ '7.29.0' ],
69 silly audit   '@babel/plugin-transform-async-to-generator': [ '7.28.6' ],
69 silly audit   '@babel/plugin-transform-block-scoped-functions': [ '7.27.1' ],
69 silly audit   '@babel/plugin-transform-block-scoping': [ '7.28.6' ],
69 silly audit   '@babel/plugin-transform-class-properties': [ '7.28.6' ],
69 silly audit   '@babel/plugin-transform-class-static-block': [ '7.28.6' ],
69 silly audit   '@babel/plugin-transform-classes': [ '7.28.6' ],
69 silly audit   '@babel/plugin-transform-computed-properties': [ '7.28.6' ],
69 silly audit   '@babel/plugin-transform-destructuring': [ '7.28.5' ],
69 silly audit   '@babel/plugin-transform-dotall-regex': [ '7.28.6' ],
69 silly audit   '@babel/plugin-transform-duplicate-keys': [ '7.27.1' ],
69 silly audit   '@babel/plugin-transform-duplicate-named-capturing-groups-regex': [ '7.29.0' ],
69 silly audit   '@babel/plugin-transform-dynamic-import': [ '7.27.1' ],
69 silly audit   '@babel/plugin-transform-explicit-resource-management': [ '7.28.6' ],
69 silly audit   '@babel/plugin-transform-exponentiation-operator': [ '7.28.6' ],
69 silly audit   '@babel/plugin-transform-export-namespace-from': [ '7.27.1' ],
69 silly audit   '@babel/plugin-transform-flow-strip-types': [ '7.27.1' ],
69 silly audit   '@babel/plugin-transform-for-of': [ '7.27.1' ],
69 silly audit   '@babel/plugin-transform-function-name': [ '7.27.1' ],
69 silly audit   '@babel/plugin-transform-json-strings': [ '7.28.6' ],
69 silly audit   '@babel/plugin-transform-literals': [ '7.27.1' ],
69 silly audit   '@babel/plugin-transform-logical-assignment-operators': [ '7.28.6' ],
69 silly audit   '@babel/plugin-transform-member-expression-literals': [ '7.27.1' ],
69 silly audit   '@babel/plugin-transform-modules-amd': [ '7.27.1' ],
69 silly audit   '@babel/plugin-transform-modules-commonjs': [ '7.28.6' ],
69 silly audit   '@babel/plugin-transform-modules-systemjs': [ '7.29.0' ],
69 silly audit   '@babel/plugin-transform-modules-umd': [ '7.27.1' ],
69 silly audit   '@babel/plugin-transform-named-capturing-groups-regex': [ '7.29.0' ],
69 silly audit   '@babel/plugin-transform-new-target': [ '7.27.1' ],
69 silly audit   '@babel/plugin-transform-nullish-coalescing-operator': [ '7.28.6' ],
69 silly audit   '@babel/plugin-transform-numeric-separator': [ '7.28.6' ],
69 silly audit   '@babel/plugin-transform-object-rest-spread': [ '7.28.6' ],
69 silly audit   '@babel/plugin-transform-object-super': [ '7.27.1' ],
69 silly audit   '@babel/plugin-transform-optional-catch-binding': [ '7.28.6' ],
69 silly audit   '@babel/plugin-transform-optional-chaining': [ '7.28.6' ],
69 silly audit   '@babel/plugin-transform-parameters': [ '7.27.7' ],
69 silly audit   '@babel/plugin-transform-private-methods': [ '7.28.6' ],
69 silly audit   '@babel/plugin-transform-private-property-in-object': [ '7.28.6' ],
69 silly audit   '@babel/plugin-transform-property-literals': [ '7.27.1' ],
69 silly audit   '@babel/plugin-transform-react-constant-elements': [ '7.27.1' ],
69 silly audit   '@babel/plugin-transform-react-display-name': [ '7.28.0' ],
69 silly audit   '@babel/plugin-transform-react-jsx': [ '7.28.6' ],
69 silly audit   '@babel/plugin-transform-react-jsx-development': [ '7.27.1' ],
69 silly audit   '@babel/plugin-transform-react-pure-annotations': [ '7.27.1' ],
69 silly audit   '@babel/plugin-transform-regenerator': [ '7.29.0' ],
69 silly audit   '@babel/plugin-transform-regexp-modifiers': [ '7.28.6' ],
69 silly audit   '@babel/plugin-transform-reserved-words': [ '7.27.1' ],
69 silly audit   '@babel/plugin-transform-runtime': [ '7.29.0' ],
69 silly audit   'babel-plugin-polyfill-corejs3': [ '0.13.0', '0.14.2' ],
69 silly audit   '@babel/plugin-transform-shorthand-properties': [ '7.27.1' ],
69 silly audit   '@babel/plugin-transform-spread': [ '7.28.6' ],
69 silly audit   '@babel/plugin-transform-sticky-regex': [ '7.27.1' ],
69 silly audit   '@babel/plugin-transform-template-literals': [ '7.27.1' ],
69 silly audit   '@babel/plugin-transform-typeof-symbol': [ '7.27.1' ],
69 silly audit   '@babel/plugin-transform-typescript': [ '7.28.6' ],
69 silly audit   '@babel/plugin-transform-unicode-escapes': [ '7.27.1' ],
69 silly audit   '@babel/plugin-transform-unicode-property-regex': [ '7.28.6' ],
69 silly audit   '@babel/plugin-transform-unicode-regex': [ '7.27.1' ],
69 silly audit   '@babel/plugin-transform-unicode-sets-regex': [ '7.28.6' ],
69 silly audit   '@babel/preset-env': [ '7.29.3' ],
69 silly audit   '@babel/preset-modules': [ '0.1.6-no-external-plugins' ],
69 silly audit   '@babel/preset-react': [ '7.28.5' ],
69 silly audit   '@babel/preset-typescript': [ '7.28.5' ],
69 silly audit   '@babel/runtime': [ '7.29.2' ],
69 silly audit   '@babel/template': [ '7.28.6' ],
69 silly audit   '@babel/traverse': [ '7.29.0' ],
69 silly audit   '@babel/types': [ '7.29.0' ],
69 silly audit   '@bcoe/v8-coverage': [ '0.2.3' ],
69 silly audit   '@csstools/normalize.css': [ '12.1.1' ],
69 silly audit   '@csstools/postcss-cascade-layers': [ '1.1.1' ],
69 silly audit   '@csstools/postcss-color-function': [ '1.1.1' ],
69 silly audit   '@csstools/postcss-font-format-keywords': [ '1.0.1' ],
69 silly audit   '@csstools/postcss-hwb-function': [ '1.0.2' ],
69 silly audit   '@csstools/postcss-ic-unit': [ '1.0.1' ],
69 silly audit   '@csstools/postcss-is-pseudo-class': [ '2.0.7' ],
69 silly audit   '@csstools/postcss-nested-calc': [ '1.0.0' ],
69 silly audit   '@csstools/postcss-normalize-display-values': [ '1.0.1' ],
69 silly audit   '@csstools/postcss-oklab-function': [ '1.1.1' ],
69 silly audit   '@csstools/postcss-progressive-custom-properties': [ '1.3.0' ],
69 silly audit   '@csstools/postcss-stepped-value-functions': [ '1.0.1' ],
69 silly audit   '@csstools/postcss-text-decoration-shorthand': [ '1.0.0' ],
69 silly audit   '@csstools/postcss-trigonometric-functions': [ '1.0.2' ],
69 silly audit   '@csstools/postcss-unset-value': [ '1.0.2' ],
69 silly audit   '@csstools/selector-specificity': [ '2.2.0' ],
69 silly audit   '@eslint-community/eslint-utils': [ '4.9.1' ],
69 silly audit   '@eslint-community/regexpp': [ '4.12.2' ],
69 silly audit   '@eslint/eslintrc': [ '2.1.4' ],
69 silly audit   argparse: [ '2.0.1', '1.0.10' ],
69 silly audit   'js-yaml': [ '4.1.1', '3.14.2' ],
69 silly audit   '@eslint/js': [ '8.57.1' ],
69 silly audit   '@firebase/analytics': [ '0.10.8' ],
69 silly audit   '@firebase/analytics-compat': [ '0.2.14' ],
69 silly audit   '@firebase/analytics-types': [ '0.8.2' ],
69 silly audit   '@firebase/app': [ '0.10.13' ],
69 silly audit   '@firebase/app-check': [ '0.8.8' ],
69 silly audit   '@firebase/app-check-compat': [ '0.3.15' ],
69 silly audit   '@firebase/app-check-interop-types': [ '0.3.2' ],
69 silly audit   '@firebase/app-check-types': [ '0.5.2' ],
69 silly audit   '@firebase/app-compat': [ '0.2.43' ],
69 silly audit   '@firebase/app-types': [ '0.9.2' ],
69 silly audit   '@firebase/auth': [ '1.7.9' ],
69 silly audit   '@firebase/auth-compat': [ '0.5.14' ],
69 silly audit   '@firebase/auth-interop-types': [ '0.2.3' ],
69 silly audit   '@firebase/auth-types': [ '0.12.2' ],
69 silly audit   '@firebase/component': [ '0.6.9' ],
69 silly audit   '@firebase/data-connect': [ '0.1.0' ],
69 silly audit   '@firebase/database': [ '1.0.8' ],
69 silly audit   '@firebase/database-compat': [ '1.0.8' ],
69 silly audit   '@firebase/database-types': [ '1.0.5' ],
69 silly audit   '@firebase/firestore': [ '4.7.3' ],
69 silly audit   '@firebase/firestore-compat': [ '0.3.38' ],
69 silly audit   '@firebase/firestore-types': [ '3.0.2' ],
69 silly audit   '@firebase/functions': [ '0.11.8' ],
69 silly audit   '@firebase/functions-compat': [ '0.3.14' ],
69 silly audit   '@firebase/functions-types': [ '0.6.2' ],
69 silly audit   '@firebase/installations': [ '0.6.9' ],
69 silly audit   '@firebase/installations-compat': [ '0.2.9' ],
69 silly audit   '@firebase/installations-types': [ '0.5.2' ],
69 silly audit   '@firebase/logger': [ '0.4.2' ],
69 silly audit   '@firebase/messaging': [ '0.12.12' ],
69 silly audit   '@firebase/messaging-compat': [ '0.2.12' ],
69 silly audit   '@firebase/messaging-interop-types': [ '0.2.2' ],
69 silly audit   '@firebase/performance': [ '0.6.9' ],
69 silly audit   '@firebase/performance-compat': [ '0.2.9' ],
69 silly audit   '@firebase/performance-types': [ '0.2.2' ],
69 silly audit   '@firebase/remote-config': [ '0.4.9' ],
69 silly audit   '@firebase/remote-config-compat': [ '0.2.9' ],
69 silly audit   '@firebase/remote-config-types': [ '0.3.2' ],
69 silly audit   '@firebase/storage': [ '0.13.2' ],
69 silly audit   '@firebase/storage-compat': [ '0.3.12' ],
69 silly audit   '@firebase/storage-types': [ '0.8.2' ],
69 silly audit   '@firebase/util': [ '1.10.0' ],
69 silly audit   '@firebase/vertexai-preview': [ '0.0.4' ],
69 silly audit   '@firebase/webchannel-wrapper': [ '1.0.1' ],
69 silly audit   '@grpc/grpc-js': [ '1.9.15' ],
69 silly audit   '@grpc/proto-loader': [ '0.7.15' ],
69 silly audit   cliui: [ '8.0.1', '7.0.4' ],
69 silly audit   yargs: [ '17.7.2', '16.2.0' ],
69 silly audit   'yargs-parser': [ '21.1.1', '20.2.9' ],
69 silly audit   '@humanwhocodes/config-array': [ '0.13.0' ],
69 silly audit   '@humanwhocodes/module-importer': [ '1.0.1' ],
69 silly audit   '@humanwhocodes/object-schema': [ '2.0.3' ],
69 silly audit   '@istanbuljs/load-nyc-config': [ '1.1.0' ],
69 silly audit   camelcase: [ '5.3.1', '6.3.0' ],
69 silly audit   '@istanbuljs/schema': [ '0.1.6' ],
69 silly audit   '@jest/console': [ '27.5.1', '28.1.3' ],
69 silly audit   '@jest/core': [ '27.5.1' ],
69 silly audit   '@jest/environment': [ '27.5.1' ],
69 silly audit   '@jest/fake-timers': [ '27.5.1' ],
69 silly audit   '@jest/globals': [ '27.5.1' ],
69 silly audit   '@jest/reporters': [ '27.5.1' ],
69 silly audit   'source-map': [ '0.6.1', '0.7.6', '0.8.0-beta.0' ],
69 silly audit   '@jest/schemas': [ '28.1.3' ],
69 silly audit   '@jest/source-map': [ '27.5.1' ],
69 silly audit   '@jest/test-result': [ '27.5.1', '28.1.3' ],
69 silly audit   '@jest/test-sequencer': [ '27.5.1' ],
69 silly audit   '@jest/transform': [ '27.5.1' ],
69 silly audit   'convert-source-map': [ '1.9.0', '2.0.0' ],
69 silly audit   '@jest/types': [ '27.5.1', '28.1.3' ],
69 silly audit   '@jridgewell/gen-mapping': [ '0.3.13' ],
69 silly audit   '@jridgewell/remapping': [ '2.3.5' ],
69 silly audit   '@jridgewell/resolve-uri': [ '3.1.2' ],
69 silly audit   '@jridgewell/source-map': [ '0.3.11' ],
69 silly audit   '@jridgewell/sourcemap-codec': [ '1.5.5' ],
69 silly audit   '@jridgewell/trace-mapping': [ '0.3.31' ],
69 silly audit   '@leichtgewicht/ip-codec': [ '2.0.5' ],
69 silly audit   '@nicolo-ribaudo/eslint-scope-5-internals': [ '5.1.1-v1' ],
69 silly audit   'eslint-scope': [ '5.1.1', '7.2.2' ],
69 silly audit   estraverse: [ '4.3.0', '5.3.0' ],
69 silly audit   '@nodelib/fs.scandir': [ '2.1.5' ],
69 silly audit   '@nodelib/fs.stat': [ '2.0.5' ],
69 silly audit   '@nodelib/fs.walk': [ '1.2.8' ],
69 silly audit   '@pmmmwh/react-refresh-webpack-plugin': [ '0.5.17' ],
69 silly audit   '@protobufjs/aspromise': [ '1.1.2' ],
69 silly audit   '@protobufjs/base64': [ '1.1.2' ],
69 silly audit   '@protobufjs/codegen': [ '2.0.5' ],
69 silly audit   '@protobufjs/eventemitter': [ '1.1.0' ],
69 silly audit   '@protobufjs/fetch': [ '1.1.0' ],
69 silly audit   '@protobufjs/float': [ '1.0.2' ],
69 silly audit   '@protobufjs/inquire': [ '1.1.1' ],
69 silly audit   '@protobufjs/path': [ '1.1.2' ],
69 silly audit   '@protobufjs/pool': [ '1.1.0' ],
69 silly audit   '@protobufjs/utf8': [ '1.1.1' ],
69 silly audit   '@rollup/plugin-babel': [ '5.3.1' ],
69 silly audit   '@rollup/plugin-node-resolve': [ '11.2.1' ],
69 silly audit   '@rollup/plugin-replace': [ '2.4.2' ],
69 silly audit   '@rollup/pluginutils': [ '3.1.0' ],
69 silly audit   '@types/estree': [ '0.0.39', '1.0.8' ],
69 silly audit   '@rtsao/scc': [ '1.1.0' ],
69 silly audit   '@rushstack/eslint-patch': [ '1.16.1' ],
69 silly audit   '@sinclair/typebox': [ '0.24.51' ],
69 silly audit   '@sinonjs/commons': [ '1.8.6' ],
69 silly audit   '@sinonjs/fake-timers': [ '8.1.0' ],
69 silly audit   '@surma/rollup-plugin-off-main-thread': [ '2.2.3' ],
69 silly audit   '@svgr/babel-plugin-add-jsx-attribute': [ '5.4.0' ],
69 silly audit   '@svgr/babel-plugin-remove-jsx-attribute': [ '5.4.0' ],
69 silly audit   '@svgr/babel-plugin-remove-jsx-empty-expression': [ '5.0.1' ],
69 silly audit   '@svgr/babel-plugin-replace-jsx-attribute-value': [ '5.0.1' ],
69 silly audit   '@svgr/babel-plugin-svg-dynamic-title': [ '5.4.0' ],
69 silly audit   '@svgr/babel-plugin-svg-em-dimensions': [ '5.4.0' ],
69 silly audit   '@svgr/babel-plugin-transform-react-native-svg': [ '5.4.0' ],
69 silly audit   '@svgr/babel-plugin-transform-svg-component': [ '5.5.0' ],
69 silly audit   '@svgr/babel-preset': [ '5.5.0' ],
69 silly audit   '@svgr/core': [ '5.5.0' ],
69 silly audit   '@svgr/hast-util-to-babel-ast': [ '5.5.0' ],
69 silly audit   '@svgr/plugin-jsx': [ '5.5.0' ],
69 silly audit   '@svgr/plugin-svgo': [ '5.5.0' ],
69 silly audit   '@svgr/webpack': [ '5.5.0' ],
69 silly audit   '@tootallnate/once': [ '1.1.2' ],
69 silly audit   '@types/babel__core': [ '7.20.5' ],
69 silly audit   '@types/babel__generator': [ '7.27.0' ],
69 silly audit   '@types/babel__template': [ '7.4.4' ],
69 silly audit   '@types/babel__traverse': [ '7.28.0' ],
69 silly audit   '@types/body-parser': [ '1.19.6' ],
69 silly audit   '@types/bonjour': [ '3.5.13' ],
69 silly audit   '@types/connect': [ '3.4.38' ],
69 silly audit   '@types/connect-history-api-fallback': [ '1.5.4' ],
69 silly audit   '@types/eslint': [ '8.56.12' ],
69 silly audit   '@types/eslint-scope': [ '3.7.7' ],
69 silly audit   '@types/express': [ '4.17.25' ],
69 silly audit   '@types/express-serve-static-core': [ '5.1.1', '4.19.8' ],
69 silly audit   '@types/graceful-fs': [ '4.1.9' ],
69 silly audit   '@types/html-minifier-terser': [ '6.1.0' ],
69 silly audit   '@types/http-errors': [ '2.0.5' ],
69 silly audit   '@types/http-proxy': [ '1.17.17' ],
69 silly audit   '@types/istanbul-lib-coverage': [ '2.0.6' ],
69 silly audit   '@types/istanbul-lib-report': [ '3.0.3' ],
69 silly audit   '@types/istanbul-reports': [ '3.0.4' ],
69 silly audit   '@types/json-schema': [ '7.0.15' ],
69 silly audit   '@types/json5': [ '0.0.29' ],
69 silly audit   '@types/mime': [ '1.3.5' ],
69 silly audit   '@types/node': [ '25.6.0' ],
69 silly audit   '@types/node-forge': [ '1.3.14' ],
69 silly audit   '@types/parse-json': [ '4.0.2' ],
69 silly audit   '@types/prettier': [ '2.7.3' ],
69 silly audit   '@types/q': [ '1.5.8' ],
69 silly audit   '@types/qs': [ '6.15.0' ],
69 silly audit   '@types/range-parser': [ '1.2.7' ],
69 silly audit   '@types/resolve': [ '1.17.1' ],
69 silly audit   '@types/retry': [ '0.12.0' ],
69 silly audit   '@types/semver': [ '7.7.1' ],
69 silly audit   '@types/send': [ '1.2.1', '0.17.6' ],
69 silly audit   '@types/serve-index': [ '1.9.4' ],
69 silly audit   '@types/serve-static': [ '1.15.10' ],
69 silly audit   '@types/sockjs': [ '0.3.36' ],
69 silly audit   '@types/stack-utils': [ '2.0.3' ],
69 silly audit   '@types/trusted-types': [ '2.0.7' ],
69 silly audit   '@types/ws': [ '8.18.1' ],
69 silly audit   '@types/yargs': [ '16.0.11', '17.0.35' ],
69 silly audit   '@types/yargs-parser': [ '21.0.3' ],
69 silly audit   '@typescript-eslint/eslint-plugin': [ '5.62.0' ],
69 silly audit   '@typescript-eslint/experimental-utils': [ '5.62.0' ],
69 silly audit   '@typescript-eslint/parser': [ '5.62.0' ],
69 silly audit   '@typescript-eslint/scope-manager': [ '5.62.0' ],
69 silly audit   '@typescript-eslint/type-utils': [ '5.62.0' ],
69 silly audit   '@typescript-eslint/types': [ '5.62.0' ],
69 silly audit   '@typescript-eslint/typescript-estree': [ '5.62.0' ],
69 silly audit   '@typescript-eslint/utils': [ '5.62.0' ],
69 silly audit   '@typescript-eslint/visitor-keys': [ '5.62.0' ],
69 silly audit   '@ungap/structured-clone': [ '1.3.0' ],
69 silly audit   '@webassemblyjs/ast': [ '1.14.1' ],
69 silly audit   '@webassemblyjs/floating-point-hex-parser': [ '1.13.2' ],
69 silly audit   '@webassemblyjs/helper-api-error': [ '1.13.2' ],
69 silly audit   '@webassemblyjs/helper-buffer': [ '1.14.1' ],
69 silly audit   '@webassemblyjs/helper-numbers': [ '1.13.2' ],
69 silly audit   '@webassemblyjs/helper-wasm-bytecode': [ '1.13.2' ],
69 silly audit   '@webassemblyjs/helper-wasm-section': [ '1.14.1' ],
69 silly audit   '@webassemblyjs/ieee754': [ '1.13.2' ],
69 silly audit   '@webassemblyjs/leb128': [ '1.13.2' ],
69 silly audit   '@webassemblyjs/utf8': [ '1.13.2' ],
69 silly audit   '@webassemblyjs/wasm-edit': [ '1.14.1' ],
69 silly audit   '@webassemblyjs/wasm-gen': [ '1.14.1' ],
69 silly audit   '@webassemblyjs/wasm-opt': [ '1.14.1' ],
69 silly audit   '@webassemblyjs/wasm-parser': [ '1.14.1' ],
69 silly audit   '@webassemblyjs/wast-printer': [ '1.14.1' ],
69 silly audit   '@xtuc/ieee754': [ '1.2.0' ],
69 silly audit   '@xtuc/long': [ '4.2.2' ],
69 silly audit   abab: [ '2.0.6' ],
69 silly audit   accepts: [ '1.3.8' ],
69 silly audit   negotiator: [ '0.6.3', '0.6.4' ],
69 silly audit   acorn: [ '8.16.0', '7.4.1' ],
69 silly audit   'acorn-globals': [ '6.0.0' ],
69 silly audit   'acorn-import-phases': [ '1.0.4' ],
69 silly audit   'acorn-jsx': [ '5.3.2' ],
69 silly audit   'acorn-walk': [ '7.2.0' ],
69 silly audit   address: [ '1.2.2' ],
69 silly audit   'adjust-sourcemap-loader': [ '4.0.0' ],
69 silly audit   'agent-base': [ '6.0.2' ],
69 silly audit   ajv: [ '6.15.0', '8.20.0' ],
69 silly audit   'ajv-formats': [ '2.1.1' ],
69 silly audit   'json-schema-traverse': [ '1.0.0', '0.4.1' ],
69 silly audit   'ajv-keywords': [ '3.5.2', '5.1.0' ],
69 silly audit   'ansi-escapes': [ '4.3.2' ],
69 silly audit   'type-fest': [ '0.21.3', '0.16.0', '0.20.2' ],
69 silly audit   'ansi-html': [ '0.0.9' ],
69 silly audit   'ansi-html-community': [ '0.0.8' ],
69 silly audit   'ansi-regex': [ '5.0.1', '6.2.2' ],
69 silly audit   'ansi-styles': [ '4.3.0', '3.2.1', '5.2.0' ],
69 silly audit   'any-promise': [ '1.3.0' ],
69 silly audit   anymatch: [ '3.1.3' ],
69 silly audit   arg: [ '5.0.2' ],
69 silly audit   'aria-query': [ '5.3.2' ],
69 silly audit   'array-buffer-byte-length': [ '1.0.2' ],
69 silly audit   'array-flatten': [ '1.1.1' ],
69 silly audit   'array-includes': [ '3.1.9' ],
69 silly audit   'array-union': [ '2.1.0' ],
69 silly audit   'array.prototype.findlast': [ '1.2.5' ],
69 silly audit   'array.prototype.findlastindex': [ '1.2.6' ],
69 silly audit   'array.prototype.flat': [ '1.3.3' ],
69 silly audit   'array.prototype.flatmap': [ '1.3.3' ],
69 silly audit   'array.prototype.reduce': [ '1.0.8' ],
69 silly audit   'array.prototype.tosorted': [ '1.1.4' ],
69 silly audit   'arraybuffer.prototype.slice': [ '1.0.4' ],
69 silly audit   asap: [ '2.0.6' ],
69 silly audit   'ast-types-flow': [ '0.0.8' ],
69 silly audit   async: [ '3.2.6' ],
69 silly audit   'async-function': [ '1.0.0' ],
69 silly audit   asynckit: [ '0.4.0' ],
69 silly audit   'at-least-node': [ '1.0.0' ],
69 silly audit   autoprefixer: [ '10.5.0' ],
69 silly audit   'available-typed-arrays': [ '1.0.7' ],
69 silly audit   'axe-core': [ '4.11.4' ],
69 silly audit   'axobject-query': [ '4.1.0' ],
69 silly audit   'babel-jest': [ '27.5.1' ],
69 silly audit   'babel-loader': [ '8.4.1' ],
69 silly audit   'schema-utils': [ '2.7.1', '3.3.0', '2.7.0', '4.3.3' ],
69 silly audit   'babel-plugin-istanbul': [ '6.1.1' ],
69 silly audit   'babel-plugin-jest-hoist': [ '27.5.1' ],
69 silly audit   'babel-plugin-macros': [ '3.1.0' ],
69 silly audit   'babel-plugin-named-asset-import': [ '0.3.8' ],
69 silly audit   'babel-plugin-polyfill-corejs2': [ '0.4.17' ],
69 silly audit   'babel-plugin-polyfill-regenerator': [ '0.6.8' ],
69 silly audit   'babel-plugin-transform-react-remove-prop-types': [ '0.4.24' ],
69 silly audit   'babel-preset-current-node-syntax': [ '1.2.0' ],
69 silly audit   'babel-preset-jest': [ '27.5.1' ],
69 silly audit   'babel-preset-react-app': [ '10.1.0' ],
69 silly audit   'balanced-match': [ '1.0.2' ],
69 silly audit   'baseline-browser-mapping': [ '2.10.27' ],
69 silly audit   batch: [ '0.6.1' ],
69 silly audit   bfj: [ '7.1.0' ],
69 silly audit   'big.js': [ '5.2.2' ],
69 silly audit   'binary-extensions': [ '2.3.0' ],
69 silly audit   bluebird: [ '3.7.2' ],
69 silly audit   'body-parser': [ '1.20.5' ],
69 silly audit   debug: [ '2.6.9', '4.4.3', '3.2.7' ],
69 silly audit   'iconv-lite': [ '0.4.24', '0.6.3' ],
69 silly audit   ms: [ '2.0.0', '2.1.3' ],
69 silly audit   qs: [ '6.15.1', '6.14.2' ],
69 silly audit   'bonjour-service': [ '1.3.0' ],
69 silly audit   boolbase: [ '1.0.0' ],
69 silly audit   'brace-expansion': [ '1.1.14', '2.1.0' ],
69 silly audit   braces: [ '3.0.3' ],
69 silly audit   'browser-process-hrtime': [ '1.0.0' ],
69 silly audit   browserslist: [ '4.28.2' ],
69 silly audit   bser: [ '2.1.1' ],
69 silly audit   'buffer-from': [ '1.1.2' ],
69 silly audit   'builtin-modules': [ '3.3.0' ],
69 silly audit   bytes: [ '3.1.2' ],
69 silly audit   'call-bind': [ '1.0.9' ],
69 silly audit   'call-bind-apply-helpers': [ '1.0.2' ],
69 silly audit   'call-bound': [ '1.0.4' ],
69 silly audit   callsites: [ '3.1.0' ],
69 silly audit   'camel-case': [ '4.1.2' ],
69 silly audit   'camelcase-css': [ '2.0.1' ],
69 silly audit   'caniuse-api': [ '3.0.0' ],
69 silly audit   'caniuse-lite': [ '1.0.30001791' ],
69 silly audit   'case-sensitive-paths-webpack-plugin': [ '2.4.0' ],
69 silly audit   chalk: [ '4.1.2', '2.4.2' ],
69 silly audit   'char-regex': [ '1.0.2', '2.0.2' ],
69 silly audit   'check-types': [ '11.2.3' ],
69 silly audit   chokidar: [ '3.6.0' ],
69 silly audit   'glob-parent': [ '5.1.2', '6.0.2' ],
69 silly audit   'chrome-trace-event': [ '1.0.4' ],
69 silly audit   'ci-info': [ '3.9.0' ],
69 silly audit   'cjs-module-lexer': [ '1.4.3' ],
69 silly audit   'clean-css': [ '5.3.3' ],
69 silly audit   co: [ '4.6.0' ],
69 silly audit   coa: [ '2.0.2' ],
69 silly audit   'color-convert': [ '1.9.3', '2.0.1' ],
69 silly audit   'color-name': [ '1.1.3', '1.1.4' ],
69 silly audit   'escape-string-regexp': [ '1.0.5', '4.0.0', '2.0.0' ],
69 silly audit   'has-flag': [ '3.0.0', '4.0.0' ],
69 silly audit   'supports-color': [ '5.5.0', '8.1.1', '7.2.0' ],
69 silly audit   'collect-v8-coverage': [ '1.0.3' ],
69 silly audit   colord: [ '2.9.3' ],
69 silly audit   colorette: [ '2.0.20' ],
69 silly audit   'combined-stream': [ '1.0.8' ],
69 silly audit   commander: [ '8.3.0', '7.2.0', '4.1.1', '2.20.3' ],
69 silly audit   'common-tags': [ '1.8.2' ],
69 silly audit   commondir: [ '1.0.1' ],
69 silly audit   compressible: [ '2.0.18' ],
69 silly audit   compression: [ '1.8.1' ],
69 silly audit   'concat-map': [ '0.0.1' ],
69 silly audit   'confusing-browser-globals': [ '1.0.11' ],
69 silly audit   'connect-history-api-fallback': [ '2.0.0' ],
69 silly audit   'content-disposition': [ '0.5.4' ],
69 silly audit   'content-type': [ '1.0.5' ],
69 silly audit   cookie: [ '0.7.2' ],
69 silly audit   'cookie-signature': [ '1.0.7' ],
69 silly audit   'core-js': [ '3.49.0' ],
69 silly audit   'core-js-compat': [ '3.49.0' ],
69 silly audit   'core-js-pure': [ '3.49.0' ],
69 silly audit   'core-util-is': [ '1.0.3' ],
69 silly audit   cosmiconfig: [ '7.1.0', '6.0.0' ],
69 silly audit   'cra-template': [ '1.3.0' ],
69 silly audit   'cross-spawn': [ '7.0.6' ],
69 silly audit   'crypto-random-string': [ '2.0.0' ],
69 silly audit   'css-blank-pseudo': [ '3.0.3' ],
69 silly audit   'css-declaration-sorter': [ '6.4.1' ],
69 silly audit   'css-has-pseudo': [ '3.0.4' ],
69 silly audit   'css-loader': [ '6.11.0' ],
69 silly audit   'css-minimizer-webpack-plugin': [ '3.4.1' ],
69 silly audit   'css-prefers-color-scheme': [ '6.0.3' ],
69 silly audit   'css-select': [ '4.3.0', '2.1.0' ],
69 silly audit   'css-select-base-adapter': [ '0.1.1' ],
69 silly audit   'css-tree': [ '1.0.0-alpha.37', '1.1.3' ],
69 silly audit   'css-what': [ '6.2.2', '3.4.2' ],
69 silly audit   cssdb: [ '7.11.2' ],
69 silly audit   cssesc: [ '3.0.0' ],
69 silly audit   cssnano: [ '5.1.15' ],
69 silly audit   'cssnano-preset-default': [ '5.2.14' ],
69 silly audit   'cssnano-utils': [ '3.1.0' ],
69 silly audit   csso: [ '4.2.0' ],
69 silly audit   'mdn-data': [ '2.0.14', '2.0.4' ],
69 silly audit   cssom: [ '0.4.4', '0.3.8' ],
69 silly audit   cssstyle: [ '2.3.0' ],
69 silly audit   'damerau-levenshtein': [ '1.0.8' ],
69 silly audit   'data-urls': [ '2.0.0' ],
69 silly audit   'data-view-buffer': [ '1.0.2' ],
69 silly audit   'data-view-byte-length': [ '1.0.2' ],
69 silly audit   'data-view-byte-offset': [ '1.0.1' ],
69 silly audit   'decimal.js': [ '10.6.0' ],
69 silly audit   dedent: [ '0.7.0' ],
69 silly audit   'deep-is': [ '0.1.4' ],
69 silly audit   deepmerge: [ '4.3.1' ],
69 silly audit   'default-gateway': [ '6.0.3' ],
69 silly audit   'define-data-property': [ '1.1.4' ],
69 silly audit   'define-lazy-prop': [ '2.0.0' ],
69 silly audit   'define-properties': [ '1.2.1' ],
69 silly audit   'delayed-stream': [ '1.0.0' ],
69 silly audit   depd: [ '2.0.0', '1.1.2' ],
69 silly audit   destroy: [ '1.2.0' ],
69 silly audit   'detect-newline': [ '3.1.0' ],
69 silly audit   'detect-node': [ '2.1.0' ],
69 silly audit   'detect-port-alt': [ '1.1.6' ],
69 silly audit   didyoumean: [ '1.2.2' ],
69 silly audit   'diff-sequences': [ '27.5.1' ],
69 silly audit   'dir-glob': [ '3.0.1' ],
69 silly audit   dlv: [ '1.1.3' ],
69 silly audit   'dns-packet': [ '5.6.1' ],
69 silly audit   doctrine: [ '3.0.0', '2.1.0' ],
69 silly audit   'dom-converter': [ '0.2.0' ],
69 silly audit   'dom-serializer': [ '1.4.1', '0.2.2' ],
69 silly audit   domelementtype: [ '2.3.0', '1.3.1' ],
69 silly audit   domexception: [ '2.0.1' ],
69 silly audit   'webidl-conversions': [ '5.0.0', '6.1.0', '4.0.2' ],
69 silly audit   domhandler: [ '4.3.1' ],
69 silly audit   domutils: [ '2.8.0', '1.7.0' ],
69 silly audit   'dot-case': [ '3.0.4' ],
69 silly audit   dotenv: [ '10.0.0' ],
69 silly audit   'dotenv-expand': [ '5.1.0' ],
69 silly audit   'dunder-proto': [ '1.0.1' ],
69 silly audit   duplexer: [ '0.1.2' ],
69 silly audit   'ee-first': [ '1.1.1' ],
69 silly audit   ejs: [ '3.1.10' ],
69 silly audit   'electron-to-chromium': [ '1.5.349' ],
69 silly audit   emittery: [ '0.8.1', '0.10.2' ],
69 silly audit   'emoji-regex': [ '9.2.2', '8.0.0' ],
69 silly audit   'emojis-list': [ '3.0.0' ],
69 silly audit   encodeurl: [ '2.0.0' ],
69 silly audit   'enhanced-resolve': [ '5.21.0' ],
69 silly audit   entities: [ '2.2.0' ],
69 silly audit   'error-ex': [ '1.3.4' ],
69 silly audit   'error-stack-parser': [ '2.1.4' ],
69 silly audit   'es-abstract': [ '1.24.2' ],
69 silly audit   'es-array-method-boxes-properly': [ '1.0.0' ],
69 silly audit   'es-define-property': [ '1.0.1' ],
69 silly audit   'es-errors': [ '1.3.0' ],
69 silly audit   'es-iterator-helpers': [ '1.3.2' ],
69 silly audit   'es-module-lexer': [ '2.1.0' ],
69 silly audit   'es-object-atoms': [ '1.1.1' ],
69 silly audit   'es-set-tostringtag': [ '2.1.0' ],
69 silly audit   'es-shim-unscopables': [ '1.1.0' ],
69 silly audit   'es-to-primitive': [ '1.3.0' ],
69 silly audit   escalade: [ '3.2.0' ],
69 silly audit   'escape-html': [ '1.0.3' ],
69 silly audit   escodegen: [ '2.1.0' ],
69 silly audit   eslint: [ '8.57.1' ],
69 silly audit   'eslint-config-react-app': [ '7.0.1' ],
69 silly audit   'eslint-import-resolver-node': [ '0.3.10' ],
69 silly audit   resolve: [ '2.0.0-next.6', '1.22.12' ],
69 silly audit   'eslint-module-utils': [ '2.12.1' ],
69 silly audit   'eslint-plugin-flowtype': [ '8.0.3' ],
69 silly audit   'eslint-plugin-import': [ '2.32.0' ],
69 silly audit   'eslint-plugin-jest': [ '25.7.0' ],
69 silly audit   'eslint-plugin-jsx-a11y': [ '6.10.2' ],
69 silly audit   'eslint-plugin-react': [ '7.37.5' ],
69 silly audit   'eslint-plugin-react-hooks': [ '4.6.2' ],
69 silly audit   'eslint-plugin-testing-library': [ '5.11.1' ],
69 silly audit   'eslint-webpack-plugin': [ '3.2.0' ],
69 silly audit   'jest-worker': [ '28.1.3', '27.5.1', '26.6.2' ],
69 silly audit   'find-up': [ '5.0.0', '4.1.0', '3.0.0' ],
69 silly audit   'locate-path': [ '6.0.0', '5.0.0', '3.0.0' ],
69 silly audit   'p-limit': [ '3.1.0', '2.3.0' ],
69 silly audit   'p-locate': [ '5.0.0', '4.1.0', '3.0.0' ],
69 silly audit   espree: [ '9.6.1' ],
69 silly audit   esprima: [ '4.0.1', '1.2.5' ],
69 silly audit   esquery: [ '1.7.0' ],
69 silly audit   esrecurse: [ '4.3.0' ],
69 silly audit   'estree-walker': [ '1.0.1' ],
69 silly audit   esutils: [ '2.0.3' ],
69 silly audit   etag: [ '1.8.1' ],
69 silly audit   eventemitter3: [ '4.0.7' ],
69 silly audit   events: [ '3.3.0' ],
69 silly audit   execa: [ '5.1.1' ],
69 silly audit   exit: [ '0.1.2' ],
69 silly audit   expect: [ '27.5.1' ],
69 silly audit   express: [ '4.22.1' ],
69 silly audit   'fast-deep-equal': [ '3.1.3' ],
69 silly audit   'fast-glob': [ '3.3.3' ],
69 silly audit   'fast-json-stable-stringify': [ '2.1.0' ],
69 silly audit   'fast-levenshtein': [ '2.0.6' ],
69 silly audit   'fast-uri': [ '3.1.0' ],
69 silly audit   fastq: [ '1.20.1' ],
69 silly audit   'faye-websocket': [ '0.11.4' ],
69 silly audit   'fb-watchman': [ '2.0.2' ],
69 silly audit   'file-entry-cache': [ '6.0.1' ],
69 silly audit   'file-loader': [ '6.2.0' ],
69 silly audit   filelist: [ '1.0.6' ],
69 silly audit   minimatch: [ '5.1.9', '3.1.5' ],
69 silly audit   filesize: [ '8.0.7' ],
69 silly audit   'fill-range': [ '7.1.1' ],
69 silly audit   finalhandler: [ '1.3.2' ],
69 silly audit   'find-cache-dir': [ '3.3.2' ],
69 silly audit   firebase: [ '10.14.1' ],
69 silly audit   'flat-cache': [ '3.2.0' ],
69 silly audit   flatted: [ '3.4.2' ],
69 silly audit   'follow-redirects': [ '1.16.0' ],
69 silly audit   'for-each': [ '0.3.5' ],
69 silly audit   'fork-ts-checker-webpack-plugin': [ '6.5.3' ],
69 silly audit   'fs-extra': [ '9.1.0', '10.1.0' ],
69 silly audit   tapable: [ '1.1.3', '2.3.3' ],
69 silly audit   'form-data': [ '3.0.4' ],
69 silly audit   forwarded: [ '0.2.0' ],
69 silly audit   'fraction.js': [ '5.3.4' ],
69 silly audit   fresh: [ '0.5.2' ],
69 silly audit   'fs-monkey': [ '1.1.0' ],
69 silly audit   'fs.realpath': [ '1.0.0' ],
69 silly audit   fsevents: [ '2.3.3' ],
69 silly audit   'function-bind': [ '1.1.2' ],
69 silly audit   'function.prototype.name': [ '1.1.8' ],
69 silly audit   'functions-have-names': [ '1.2.3' ],
69 silly audit   'generator-function': [ '2.0.1' ],
69 silly audit   gensync: [ '1.0.0-beta.2' ],
69 silly audit   'get-caller-file': [ '2.0.5' ],
69 silly audit   'get-intrinsic': [ '1.3.0' ],
69 silly audit   'get-own-enumerable-property-symbols': [ '3.0.2' ],
69 silly audit   'get-package-type': [ '0.1.0' ],
69 silly audit   'get-proto': [ '1.0.1' ],
69 silly audit   'get-stream': [ '6.0.1' ],
69 silly audit   'get-symbol-description': [ '1.1.0' ],
69 silly audit   glob: [ '7.2.3' ],
69 silly audit   'glob-to-regexp': [ '0.4.1' ],
69 silly audit   'global-modules': [ '2.0.0' ],
69 silly audit   'global-prefix': [ '3.0.0' ],
69 silly audit   which: [ '1.3.1', '2.0.2' ],
69 silly audit   globals: [ '13.24.0' ],
69 silly audit   globalthis: [ '1.0.4' ],
69 silly audit   globby: [ '11.1.0' ],
69 silly audit   gopd: [ '1.2.0' ],
69 silly audit   'graceful-fs': [ '4.2.11' ],
69 silly audit   graphemer: [ '1.4.0' ],
69 silly audit   'gzip-size': [ '6.0.0' ],
69 silly audit   'handle-thing': [ '2.0.1' ],
69 silly audit   'harmony-reflect': [ '1.6.2' ],
69 silly audit   'has-bigints': [ '1.1.0' ],
69 silly audit   'has-property-descriptors': [ '1.0.2' ],
69 silly audit   'has-proto': [ '1.2.0' ],
69 silly audit   'has-symbols': [ '1.1.0' ],
69 silly audit   'has-tostringtag': [ '1.0.2' ],
69 silly audit   hasown: [ '2.0.3' ],
69 silly audit   he: [ '1.2.0' ],
69 silly audit   hoopy: [ '0.1.4' ],
69 silly audit   'hpack.js': [ '2.1.6' ],
69 silly audit   isarray: [ '1.0.0', '2.0.5' ],
69 silly audit   'readable-stream': [ '2.3.8', '3.6.2' ],
69 silly audit   'safe-buffer': [ '5.1.2', '5.2.1' ],
69 silly audit   string_decoder: [ '1.1.1', '1.3.0' ],
69 silly audit   'html-encoding-sniffer': [ '2.0.1' ],
69 silly audit   'html-entities': [ '2.6.0' ],
69 silly audit   'html-escaper': [ '2.0.2' ],
69 silly audit   'html-minifier-terser': [ '6.1.0' ],
69 silly audit   'html-webpack-plugin': [ '5.6.7' ],
69 silly audit   htmlparser2: [ '6.1.0' ],
69 silly audit   'http-deceiver': [ '1.2.7' ],
69 silly audit   'http-errors': [ '2.0.1', '1.8.1' ],
69 silly audit   'http-parser-js': [ '0.5.10' ],
69 silly audit   'http-proxy': [ '1.18.1' ],
69 silly audit   'http-proxy-agent': [ '4.0.1' ],
69 silly audit   'http-proxy-middleware': [ '2.0.9' ],
69 silly audit   'https-proxy-agent': [ '5.0.1' ],
69 silly audit   'human-signals': [ '2.1.0' ],
69 silly audit   'icss-utils': [ '5.1.0' ],
69 silly audit   idb: [ '7.1.1' ],
69 silly audit   'identity-obj-proxy': [ '3.0.0' ],
69 silly audit   ignore: [ '5.3.2' ],
69 silly audit   immer: [ '9.0.21' ],
69 silly audit   'import-fresh': [ '3.3.1' ],
69 silly audit   'resolve-from': [ '4.0.0', '5.0.0' ],
69 silly audit   'import-local': [ '3.2.0' ],
69 silly audit   imurmurhash: [ '0.1.4' ],
69 silly audit   inflight: [ '1.0.6' ],
69 silly audit   inherits: [ '2.0.4' ],
69 silly audit   ini: [ '1.3.8' ],
69 silly audit   'internal-slot': [ '1.1.0' ],
69 silly audit   'ipaddr.js': [ '2.4.0', '1.9.1' ],
69 silly audit   'is-array-buffer': [ '3.0.5' ],
69 silly audit   'is-arrayish': [ '0.2.1' ],
69 silly audit   'is-async-function': [ '2.1.1' ],
69 silly audit   'is-bigint': [ '1.1.0' ],
69 silly audit   'is-binary-path': [ '2.1.0' ],
69 silly audit   'is-boolean-object': [ '1.2.2' ],
69 silly audit   'is-callable': [ '1.2.7' ],
69 silly audit   'is-core-module': [ '2.16.1' ],
69 silly audit   'is-data-view': [ '1.0.2' ],
69 silly audit   'is-date-object': [ '1.1.0' ],
69 silly audit   'is-docker': [ '2.2.1' ],
69 silly audit   'is-extglob': [ '2.1.1' ],
69 silly audit   'is-finalizationregistry': [ '1.1.1' ],
69 silly audit   'is-fullwidth-code-point': [ '3.0.0' ],
69 silly audit   'is-generator-fn': [ '2.1.0' ],
69 silly audit   'is-generator-function': [ '1.1.2' ],
69 silly audit   'is-glob': [ '4.0.3' ],
69 silly audit   'is-map': [ '2.0.3' ],
69 silly audit   'is-module': [ '1.0.0' ],
69 silly audit   'is-negative-zero': [ '2.0.3' ],
69 silly audit   'is-number': [ '7.0.0' ],
69 silly audit   'is-number-object': [ '1.1.1' ],
69 silly audit   'is-obj': [ '1.0.1' ],
69 silly audit   'is-path-inside': [ '3.0.3' ],
69 silly audit   'is-plain-obj': [ '3.0.0' ],
69 silly audit   'is-potential-custom-element-name': [ '1.0.1' ],
69 silly audit   'is-regex': [ '1.2.1' ],
69 silly audit   'is-regexp': [ '1.0.0' ],
69 silly audit   'is-root': [ '2.1.0' ],
69 silly audit   'is-set': [ '2.0.3' ],
69 silly audit   'is-shared-array-buffer': [ '1.0.4' ],
69 silly audit   'is-stream': [ '2.0.1' ],
69 silly audit   'is-string': [ '1.1.1' ],
69 silly audit   'is-symbol': [ '1.1.1' ],
69 silly audit   'is-typed-array': [ '1.1.15' ],
69 silly audit   'is-typedarray': [ '1.0.0' ],
69 silly audit   'is-weakmap': [ '2.0.2' ],
69 silly audit   'is-weakref': [ '1.1.1' ],
69 silly audit   'is-weakset': [ '2.0.4' ],
69 silly audit   'is-wsl': [ '2.2.0' ],
69 silly audit   isexe: [ '2.0.0' ],
69 silly audit   'istanbul-lib-coverage': [ '3.2.2' ],
69 silly audit   'istanbul-lib-instrument': [ '5.2.1' ],
69 silly audit   'istanbul-lib-report': [ '3.0.1' ],
69 silly audit   'make-dir': [ '4.0.0', '3.1.0' ],
69 silly audit   'istanbul-lib-source-maps': [ '4.0.1' ],
69 silly audit   'istanbul-reports': [ '3.2.0' ],
69 silly audit   'iterator.prototype': [ '1.1.5' ],
69 silly audit   jake: [ '10.9.4' ],
69 silly audit   jest: [ '27.5.1' ],
69 silly audit   'jest-changed-files': [ '27.5.1' ],
69 silly audit   'jest-circus': [ '27.5.1' ],
69 silly audit   'jest-cli': [ '27.5.1' ],
69 silly audit   'jest-config': [ '27.5.1' ],
69 silly audit   'jest-diff': [ '27.5.1' ],
69 silly audit   'jest-docblock': [ '27.5.1' ],
69 silly audit   'jest-each': [ '27.5.1' ],
69 silly audit   'jest-environment-jsdom': [ '27.5.1' ],
69 silly audit   'jest-environment-node': [ '27.5.1' ],
69 silly audit   'jest-get-type': [ '27.5.1' ],
69 silly audit   'jest-haste-map': [ '27.5.1' ],
69 silly audit   'jest-jasmine2': [ '27.5.1' ],
69 silly audit   'jest-leak-detector': [ '27.5.1' ],
69 silly audit   'jest-matcher-utils': [ '27.5.1' ],
69 silly audit   'jest-message-util': [ '27.5.1', '28.1.3' ],
69 silly audit   'jest-mock': [ '27.5.1' ],
69 silly audit   'jest-pnp-resolver': [ '1.2.3' ],
69 silly audit   'jest-regex-util': [ '27.5.1', '28.0.2' ],
69 silly audit   'jest-resolve': [ '27.5.1' ],
69 silly audit   'jest-resolve-dependencies': [ '27.5.1' ],
69 silly audit   'jest-runner': [ '27.5.1' ],
69 silly audit   'jest-runtime': [ '27.5.1' ],
69 silly audit   'jest-serializer': [ '27.5.1' ],
69 silly audit   'jest-snapshot': [ '27.5.1' ],
69 silly audit   'jest-util': [ '27.5.1', '28.1.3' ],
69 silly audit   'jest-validate': [ '27.5.1' ],
69 silly audit   'jest-watch-typeahead': [ '1.1.0' ],
69 silly audit   slash: [ '3.0.0', '4.0.0' ],
69 silly audit   'jest-watcher': [ '28.1.3', '27.5.1' ],
69 silly audit   'string-length': [ '4.0.2', '5.0.1' ],
69 silly audit   'strip-ansi': [ '6.0.1', '7.2.0' ],
69 silly audit   'pretty-format': [ '28.1.3', '27.5.1' ],
69 silly audit   'react-is': [ '18.3.1', '16.13.1', '17.0.2' ],
69 silly audit   jiti: [ '1.21.7' ],
69 silly audit   'js-tokens': [ '4.0.0' ],
69 silly audit   jsdom: [ '16.7.0' ],
69 silly audit   jsesc: [ '3.1.0' ],
69 silly audit   'json-buffer': [ '3.0.1' ],
69 silly audit   'json-parse-even-better-errors': [ '2.3.1' ],
69 silly audit   'json-stable-stringify-without-jsonify': [ '1.0.1' ],
69 silly audit   json5: [ '2.2.3', '1.0.2' ],
69 silly audit   jsonfile: [ '6.2.1' ],
69 silly audit   jsonpath: [ '1.3.0' ],
69 silly audit   jsonpointer: [ '5.0.1' ],
69 silly audit   'jsx-ast-utils': [ '3.3.5' ],
69 silly audit   keyv: [ '4.5.4' ],
69 silly audit   'kind-of': [ '6.0.3' ],
69 silly audit   kleur: [ '3.0.3' ],
69 silly audit   klona: [ '2.0.6' ],
69 silly audit   'language-subtag-registry': [ '0.3.23' ],
69 silly audit   'language-tags': [ '1.0.9' ],
69 silly audit   'launch-editor': [ '2.13.2' ],
69 silly audit   leven: [ '3.1.0' ],
69 silly audit   levn: [ '0.4.1' ],
69 silly audit   lilconfig: [ '2.1.0', '3.1.3' ],
69 silly audit   'lines-and-columns': [ '1.2.4' ],
69 silly audit   'loader-runner': [ '4.3.2' ],
69 silly audit   'loader-utils': [ '2.0.4', '3.3.1' ],
69 silly audit   lodash: [ '4.18.1' ],
69 silly audit   'lodash.camelcase': [ '4.3.0' ],
69 silly audit   'lodash.debounce': [ '4.0.8' ],
69 silly audit   'lodash.memoize': [ '4.1.2' ],
69 silly audit   'lodash.merge': [ '4.6.2' ],
69 silly audit   'lodash.sortby': [ '4.7.0' ],
69 silly audit   'lodash.uniq': [ '4.5.0' ],
69 silly audit   long: [ '5.3.2' ],
69 silly audit   'loose-envify': [ '1.4.0' ],
69 silly audit   'lower-case': [ '2.0.2' ],
69 silly audit   'lru-cache': [ '5.1.1' ],
69 silly audit   'magic-string': [ '0.25.9' ],
69 silly audit   makeerror: [ '1.0.12' ],
69 silly audit   'math-intrinsics': [ '1.1.0' ],
69 silly audit   'media-typer': [ '0.3.0' ],
69 silly audit   memfs: [ '3.5.3' ],
69 silly audit   'merge-descriptors': [ '1.0.3' ],
69 silly audit   'merge-stream': [ '2.0.0' ],
69 silly audit   merge2: [ '1.4.1' ],
69 silly audit   methods: [ '1.1.2' ],
69 silly audit   micromatch: [ '4.0.8' ],
69 silly audit   mime: [ '1.6.0' ],
69 silly audit   'mime-db': [ '1.52.0', '1.54.0' ],
69 silly audit   'mime-types': [ '2.1.35' ],
69 silly audit   'mimic-fn': [ '2.1.0' ],
69 silly audit   'mini-css-extract-plugin': [ '2.10.2' ],
69 silly audit   'minimalistic-assert': [ '1.0.1' ],
69 silly audit   minimist: [ '1.2.8' ],
69 silly audit   mkdirp: [ '0.5.6' ],
69 silly audit   'multicast-dns': [ '7.2.5' ],
69 silly audit   mz: [ '2.7.0' ],
69 silly audit   nanoid: [ '3.3.12' ],
69 silly audit   'natural-compare': [ '1.4.0' ],
69 silly audit   'natural-compare-lite': [ '1.4.0' ],
69 silly audit   'neo-async': [ '2.6.2' ],
69 silly audit   'no-case': [ '3.0.4' ],
69 silly audit   'node-exports-info': [ '1.6.0' ],
69 silly audit   'node-forge': [ '1.4.0' ],
69 silly audit   'node-int64': [ '0.4.0' ],
69 silly audit   'node-releases': [ '2.0.38' ],
69 silly audit   'normalize-path': [ '3.0.0' ],
69 silly audit   'normalize-url': [ '6.1.0' ],
69 silly audit   'npm-run-path': [ '4.0.1' ],
69 silly audit   'nth-check': [ '2.1.1', '1.0.2' ],
69 silly audit   nwsapi: [ '2.2.23' ],
69 silly audit   'object-assign': [ '4.1.1' ],
69 silly audit   'object-hash': [ '3.0.0' ],
69 silly audit   'object-inspect': [ '1.13.4' ],
69 silly audit   'object-keys': [ '1.1.1' ],
69 silly audit   'object.assign': [ '4.1.7' ],
69 silly audit   'object.entries': [ '1.1.9' ],
69 silly audit   'object.fromentries': [ '2.0.8' ],
69 silly audit   'object.getownpropertydescriptors': [ '2.1.9' ],
69 silly audit   'object.groupby': [ '1.0.3' ],
69 silly audit   'object.values': [ '1.2.1' ],
69 silly audit   obuf: [ '1.1.2' ],
69 silly audit   'on-finished': [ '2.4.1' ],
69 silly audit   'on-headers': [ '1.1.0' ],
69 silly audit   once: [ '1.4.0' ],
69 silly audit   onetime: [ '5.1.2' ],
69 silly audit   open: [ '8.4.2' ],
69 silly audit   optionator: [ '0.9.4' ],
69 silly audit   'own-keys': [ '1.0.1' ],
69 silly audit   'p-retry': [ '4.6.2' ],
69 silly audit   'p-try': [ '2.2.0' ],
69 silly audit   'param-case': [ '3.0.4' ],
69 silly audit   'parent-module': [ '1.0.1' ],
69 silly audit   'parse-json': [ '5.2.0' ],
69 silly audit   parse5: [ '6.0.1' ],
69 silly audit   parseurl: [ '1.3.3' ],
69 silly audit   'pascal-case': [ '3.1.2' ],
69 silly audit   'path-exists': [ '4.0.0', '3.0.0' ],
69 silly audit   'path-is-absolute': [ '1.0.1' ],
69 silly audit   'path-key': [ '3.1.1' ],
69 silly audit   'path-parse': [ '1.0.7' ],
69 silly audit   'path-to-regexp': [ '0.1.13' ],
69 silly audit   'path-type': [ '4.0.0' ],
69 silly audit   'performance-now': [ '2.1.0' ],
69 silly audit   picocolors: [ '1.1.1', '0.2.1' ],
69 silly audit   picomatch: [ '2.3.2', '4.0.4' ],
69 silly audit   pify: [ '2.3.0' ],
69 silly audit   pirates: [ '4.0.7' ],
69 silly audit   'pkg-dir': [ '4.2.0' ],
69 silly audit   'pkg-up': [ '3.1.0' ],
69 silly audit   'possible-typed-array-names': [ '1.1.0' ],
69 silly audit   postcss: [ '8.5.13', '7.0.39' ],
69 silly audit   'postcss-attribute-case-insensitive': [ '5.0.2' ],
69 silly audit   'postcss-browser-comments': [ '4.0.0' ],
69 silly audit   'postcss-calc': [ '8.2.4' ],
69 silly audit   'postcss-clamp': [ '4.1.0' ],
69 silly audit   'postcss-color-functional-notation': [ '4.2.4' ],
69 silly audit   'postcss-color-hex-alpha': [ '8.0.4' ],
69 silly audit   'postcss-color-rebeccapurple': [ '7.1.1' ],
69 silly audit   'postcss-colormin': [ '5.3.1' ],
69 silly audit   'postcss-convert-values': [ '5.1.3' ],
69 silly audit   'postcss-custom-media': [ '8.0.2' ],
69 silly audit   'postcss-custom-properties': [ '12.1.11' ],
69 silly audit   'postcss-custom-selectors': [ '6.0.3' ],
69 silly audit   'postcss-dir-pseudo-class': [ '6.0.5' ],
69 silly audit   'postcss-discard-comments': [ '5.1.2' ],
69 silly audit   'postcss-discard-duplicates': [ '5.1.0' ],
69 silly audit   'postcss-discard-empty': [ '5.1.1' ],
69 silly audit   'postcss-discard-overridden': [ '5.1.0' ],
69 silly audit   'postcss-double-position-gradients': [ '3.1.2' ],
69 silly audit   'postcss-env-function': [ '4.0.6' ],
69 silly audit   'postcss-flexbugs-fixes': [ '5.0.2' ],
69 silly audit   'postcss-focus-visible': [ '6.0.4' ],
69 silly audit   'postcss-focus-within': [ '5.0.4' ],
69 silly audit   'postcss-font-variant': [ '5.0.0' ],
69 silly audit   'postcss-gap-properties': [ '3.0.5' ],
69 silly audit   'postcss-image-set-function': [ '4.0.7' ],
69 silly audit   'postcss-import': [ '15.1.0' ],
69 silly audit   'postcss-initial': [ '4.0.1' ],
69 silly audit   'postcss-js': [ '4.1.0' ],
69 silly audit   'postcss-lab-function': [ '4.2.1' ],
69 silly audit   'postcss-loader': [ '6.2.1' ],
69 silly audit   'postcss-logical': [ '5.0.4' ],
69 silly audit   'postcss-media-minmax': [ '5.0.0' ],
69 silly audit   'postcss-merge-longhand': [ '5.1.7' ],
69 silly audit   'postcss-merge-rules': [ '5.1.4' ],
69 silly audit   'postcss-minify-font-values': [ '5.1.0' ],
69 silly audit   'postcss-minify-gradients': [ '5.1.1' ],
69 silly audit   'postcss-minify-params': [ '5.1.4' ],
69 silly audit   'postcss-minify-selectors': [ '5.2.1' ],
69 silly audit   'postcss-modules-extract-imports': [ '3.1.0' ],
69 silly audit   'postcss-modules-local-by-default': [ '4.2.0' ],
69 silly audit   'postcss-selector-parser': [ '7.1.1', '6.1.2' ],
69 silly audit   'postcss-modules-scope': [ '3.2.1' ],
69 silly audit   'postcss-modules-values': [ '4.0.0' ],
69 silly audit   'postcss-nested': [ '6.2.0' ],
69 silly audit   'postcss-nesting': [ '10.2.0' ],
69 silly audit   'postcss-normalize': [ '10.0.1' ],
69 silly audit   'postcss-normalize-charset': [ '5.1.0' ],
69 silly audit   'postcss-normalize-display-values': [ '5.1.0' ],
69 silly audit   'postcss-normalize-positions': [ '5.1.1' ],
69 silly audit   'postcss-normalize-repeat-style': [ '5.1.1' ],
69 silly audit   'postcss-normalize-string': [ '5.1.0' ],
69 silly audit   'postcss-normalize-timing-functions': [ '5.1.0' ],
69 silly audit   'postcss-normalize-unicode': [ '5.1.1' ],
69 silly audit   'postcss-normalize-url': [ '5.1.0' ],
69 silly audit   'postcss-normalize-whitespace': [ '5.1.1' ],
69 silly audit   'postcss-opacity-percentage': [ '1.1.3' ],
69 silly audit   'postcss-ordered-values': [ '5.1.3' ],
69 silly audit   'postcss-overflow-shorthand': [ '3.0.4' ],
69 silly audit   'postcss-page-break': [ '3.0.4' ],
69 silly audit   'postcss-place': [ '7.0.5' ],
69 silly audit   'postcss-preset-env': [ '7.8.3' ],
69 silly audit   'postcss-pseudo-class-any-link': [ '7.1.6' ],
69 silly audit   'postcss-reduce-initial': [ '5.1.2' ],
69 silly audit   'postcss-reduce-transforms': [ '5.1.0' ],
69 silly audit   'postcss-replace-overflow-wrap': [ '4.0.0' ],
69 silly audit   'postcss-selector-not': [ '6.0.1' ],
69 silly audit   'postcss-svgo': [ '5.1.0' ],
69 silly audit   sax: [ '1.6.0', '1.2.4' ],
69 silly audit   svgo: [ '2.8.2', '1.3.2' ],
69 silly audit   'postcss-unique-selectors': [ '5.1.1' ],
69 silly audit   'postcss-value-parser': [ '4.2.0' ],
69 silly audit   'prelude-ls': [ '1.2.1' ],
69 silly audit   'pretty-bytes': [ '5.6.0' ],
69 silly audit   'pretty-error': [ '4.0.0' ],
69 silly audit   'process-nextick-args': [ '2.0.1' ],
69 silly audit   promise: [ '8.3.0' ],
69 silly audit   prompts: [ '2.4.2' ],
69 silly audit   'prop-types': [ '15.8.1' ],
69 silly audit   protobufjs: [ '7.5.6' ],
69 silly audit   'proxy-addr': [ '2.0.7' ],
69 silly audit   psl: [ '1.15.0' ],
69 silly audit   punycode: [ '2.3.1' ],
69 silly audit   q: [ '1.5.1' ],
69 silly audit   querystringify: [ '2.2.0' ],
69 silly audit   'queue-microtask': [ '1.2.3' ],
69 silly audit   raf: [ '3.4.1' ],
69 silly audit   randombytes: [ '2.1.0' ],
69 silly audit   'range-parser': [ '1.2.1' ],
69 silly audit   'raw-body': [ '2.5.3' ],
69 silly audit   react: [ '19.2.5' ],
69 silly audit   'react-app-polyfill': [ '3.0.0' ],
69 silly audit   'react-dev-utils': [ '12.0.1' ],
69 silly audit   'react-dom': [ '19.2.5' ],
69 silly audit   'react-error-overlay': [ '6.1.0' ],
69 silly audit   'react-fast-compare': [ '3.2.2' ],
69 silly audit   'react-helmet': [ '6.1.0' ],
69 silly audit   'react-side-effect': [ '2.1.2' ],
69 silly audit   'react-refresh': [ '0.11.0' ],
69 silly audit   'react-scripts': [ '5.0.1' ],
69 silly audit   'read-cache': [ '1.0.0' ],
69 silly audit   readdirp: [ '3.6.0' ],
69 silly audit   'recursive-readdir': [ '2.2.3' ],
69 silly audit   'reflect.getprototypeof': [ '1.0.10' ],
69 silly audit   regenerate: [ '1.4.2' ],
69 silly audit   'regenerate-unicode-properties': [ '10.2.2' ],
69 silly audit   'regenerator-runtime': [ '0.13.11' ],
69 silly audit   'regex-parser': [ '2.3.1' ],
69 silly audit   'regexp.prototype.flags': [ '1.5.4' ],
69 silly audit   'regexpu-core': [ '6.4.0' ],
69 silly audit   regjsgen: [ '0.8.0' ],
69 silly audit   regjsparser: [ '0.13.1' ],
69 silly audit   relateurl: [ '0.2.7' ],
69 silly audit   renderkid: [ '3.0.0' ],
69 silly audit   'require-directory': [ '2.1.1' ],
69 silly audit   'require-from-string': [ '2.0.2' ],
69 silly audit   'requires-port': [ '1.0.0' ],
69 silly audit   'resolve-cwd': [ '3.0.0' ],
69 silly audit   'resolve-url-loader': [ '4.0.0' ],
69 silly audit   'resolve.exports': [ '1.1.1' ],
69 silly audit   retry: [ '0.13.1' ],
69 silly audit   reusify: [ '1.1.0' ],
69 silly audit   rimraf: [ '3.0.2' ],
69 silly audit   rollup: [ '2.80.0' ],
69 silly audit   'rollup-plugin-terser': [ '7.0.2' ],
69 silly audit   'serialize-javascript': [ '4.0.0', '6.0.2' ],
69 silly audit   'run-parallel': [ '1.2.0' ],
69 silly audit   'safe-array-concat': [ '1.1.4' ],
69 silly audit   'safe-push-apply': [ '1.0.0' ],
69 silly audit   'safe-regex-test': [ '1.1.0' ],
69 silly audit   'safer-buffer': [ '2.1.2' ],
69 silly audit   'sanitize.css': [ '13.0.0' ],
69 silly audit   'sass-loader': [ '12.6.0' ],
69 silly audit   saxes: [ '5.0.1' ],
69 silly audit   scheduler: [ '0.27.0' ],
69 silly audit   'select-hose': [ '2.0.0' ],
69 silly audit   selfsigned: [ '2.4.1' ],
69 silly audit   send: [ '0.19.2' ],
69 silly audit   'serve-index': [ '1.9.2' ],
69 silly audit   statuses: [ '1.5.0', '2.0.2' ],
69 silly audit   'serve-static': [ '1.16.3' ],
69 silly audit   'set-function-length': [ '1.2.2' ],
69 silly audit   'set-function-name': [ '2.0.2' ],
69 silly audit   'set-proto': [ '1.0.0' ],
69 silly audit   setprototypeof: [ '1.2.0' ],
69 silly audit   'shebang-command': [ '2.0.0' ],
69 silly audit   'shebang-regex': [ '3.0.0' ],
69 silly audit   'shell-quote': [ '1.8.3' ],
69 silly audit   'side-channel': [ '1.1.0' ],
69 silly audit   'side-channel-list': [ '1.0.1' ],
69 silly audit   'side-channel-map': [ '1.0.1' ],
69 silly audit   'side-channel-weakmap': [ '1.0.2' ],
69 silly audit   'signal-exit': [ '3.0.7' ],
69 silly audit   sisteransi: [ '1.0.5' ],
69 silly audit   sockjs: [ '0.3.24' ],
69 silly audit   'source-list-map': [ '2.0.1' ],
69 silly audit   'source-map-js': [ '1.2.1' ],
69 silly audit   'source-map-loader': [ '3.0.2' ],
69 silly audit   'source-map-support': [ '0.5.21' ],
69 silly audit   'sourcemap-codec': [ '1.4.8' ],
69 silly audit   spdy: [ '4.0.2' ],
69 silly audit   'spdy-transport': [ '3.0.0' ],
69 silly audit   'sprintf-js': [ '1.0.3' ],
69 silly audit   stable: [ '0.1.8' ],
69 silly audit   'stack-utils': [ '2.0.6' ],
69 silly audit   stackframe: [ '1.3.4' ],
69 silly audit   'static-eval': [ '2.1.1' ],
69 silly audit   'stop-iteration-iterator': [ '1.1.0' ],
69 silly audit   'string-natural-compare': [ '3.0.1' ],
69 silly audit   'string-width': [ '4.2.3' ],
69 silly audit   'string.prototype.includes': [ '2.0.1' ],
69 silly audit   'string.prototype.matchall': [ '4.0.12' ],
69 silly audit   'string.prototype.repeat': [ '1.0.0' ],
69 silly audit   'string.prototype.trim': [ '1.2.10' ],
69 silly audit   'string.prototype.trimend': [ '1.0.9' ],
69 silly audit   'string.prototype.trimstart': [ '1.0.8' ],
69 silly audit   'stringify-object': [ '3.3.0' ],
69 silly audit   'strip-bom': [ '4.0.0', '3.0.0' ],
69 silly audit   'strip-comments': [ '2.0.1' ],
69 silly audit   'strip-final-newline': [ '2.0.0' ],
69 silly audit   'strip-json-comments': [ '3.1.1' ],
69 silly audit   'style-loader': [ '3.3.4' ],
69 silly audit   stylehacks: [ '5.1.1' ],
69 silly audit   sucrase: [ '3.35.1' ],
69 silly audit   'supports-hyperlinks': [ '2.3.0' ],
69 silly audit   'supports-preserve-symlinks-flag': [ '1.0.0' ],
69 silly audit   'svg-parser': [ '2.0.4' ],
69 silly audit   'symbol-tree': [ '3.2.4' ],
69 silly audit   tailwindcss: [ '3.4.19' ],
69 silly audit   'postcss-load-config': [ '6.0.1' ],
69 silly audit   yaml: [ '2.8.4', '1.10.3' ],
69 silly audit   'temp-dir': [ '2.0.0' ],
69 silly audit   tempy: [ '0.6.0' ],
69 silly audit   'terminal-link': [ '2.1.1' ],
69 silly audit   terser: [ '5.46.2' ],
69 silly audit   'terser-webpack-plugin': [ '5.5.0' ],
69 silly audit   'test-exclude': [ '6.0.0' ],
69 silly audit   'text-table': [ '0.2.0' ],
69 silly audit   thenify: [ '3.3.1' ],
69 silly audit   'thenify-all': [ '1.6.0' ],
69 silly audit   throat: [ '6.0.2' ],
69 silly audit   thunky: [ '1.1.0' ],
69 silly audit   tinyglobby: [ '0.2.16' ],
69 silly audit   fdir: [ '6.5.0' ],
69 silly audit   tmpl: [ '1.0.5' ],
69 silly audit   'to-regex-range': [ '5.0.1' ],
69 silly audit   toidentifier: [ '1.0.1' ],
69 silly audit   'tough-cookie': [ '4.1.4' ],
69 silly audit   universalify: [ '0.2.0', '2.0.1' ],
69 silly audit   tr46: [ '2.1.0', '1.0.1' ],
69 silly audit   tryer: [ '1.0.1' ],
69 silly audit   'ts-interface-checker': [ '0.1.13' ],
69 silly audit   'tsconfig-paths': [ '3.15.0' ],
69 silly audit   tslib: [ '2.8.1', '1.14.1' ],
69 silly audit   tsutils: [ '3.21.0' ],
69 silly audit   'type-check': [ '0.4.0' ],
69 silly audit   'type-detect': [ '4.0.8' ],
69 silly audit   'type-is': [ '1.6.18' ],
69 silly audit   'typed-array-buffer': [ '1.0.3' ],
69 silly audit   'typed-array-byte-length': [ '1.0.3' ],
69 silly audit   'typed-array-byte-offset': [ '1.0.4' ],
69 silly audit   'typed-array-length': [ '1.0.7' ],
69 silly audit   'typedarray-to-buffer': [ '3.1.5' ],
69 silly audit   typescript: [ '4.9.5' ],
69 silly audit   'unbox-primitive': [ '1.1.0' ],
69 silly audit   underscore: [ '1.13.6' ],
69 silly audit   undici: [ '6.19.7' ],
69 silly audit   'undici-types': [ '7.19.2' ],
69 silly audit   'unicode-canonical-property-names-ecmascript': [ '2.0.1' ],
69 silly audit   'unicode-match-property-ecmascript': [ '2.0.0' ],
69 silly audit   'unicode-match-property-value-ecmascript': [ '2.2.1' ],
69 silly audit   'unicode-property-aliases-ecmascript': [ '2.2.0' ],
69 silly audit   'unique-string': [ '2.0.0' ],
69 silly audit   unpipe: [ '1.0.0' ],
69 silly audit   unquote: [ '1.1.1' ],
69 silly audit   upath: [ '1.2.0' ],
69 silly audit   'update-browserslist-db': [ '1.2.3' ],
69 silly audit   'uri-js': [ '4.4.1' ],
69 silly audit   'url-parse': [ '1.5.10' ],
69 silly audit   'util-deprecate': [ '1.0.2' ],
69 silly audit   'util.promisify': [ '1.0.1' ],
69 silly audit   utila: [ '0.4.0' ],
69 silly audit   'utils-merge': [ '1.0.1' ],
69 silly audit   uuid: [ '8.3.2' ],
69 silly audit   'v8-to-istanbul': [ '8.1.1' ],
69 silly audit   vary: [ '1.1.2' ],
69 silly audit   'w3c-hr-time': [ '1.0.2' ],
69 silly audit   'w3c-xmlserializer': [ '2.0.0' ],
69 silly audit   walker: [ '1.0.8' ],
69 silly audit   watchpack: [ '2.5.1' ],
69 silly audit   wbuf: [ '1.7.3' ],
69 silly audit   'web-vitals': [ '2.1.4' ],
69 silly audit   webpack: [ '5.106.2' ],
69 silly audit   'webpack-dev-middleware': [ '5.3.4' ],
69 silly audit   'webpack-dev-server': [ '4.15.2' ],
69 silly audit   ws: [ '8.20.0', '7.5.10' ],
69 silly audit   'webpack-manifest-plugin': [ '4.1.1' ],
69 silly audit   'webpack-sources': [ '2.3.1', '3.4.1', '1.4.3' ],
69 silly audit   'websocket-driver': [ '0.7.4' ],
69 silly audit   'websocket-extensions': [ '0.1.4' ],
69 silly audit   'whatwg-encoding': [ '1.0.5' ],
69 silly audit   'whatwg-fetch': [ '3.6.20' ],
69 silly audit   'whatwg-mimetype': [ '2.3.0' ],
69 silly audit   'whatwg-url': [ '8.7.0', '7.1.0' ],
69 silly audit   'which-boxed-primitive': [ '1.1.1' ],
69 silly audit   'which-builtin-type': [ '1.2.1' ],
69 silly audit   'which-collection': [ '1.0.2' ],
69 silly audit   'which-typed-array': [ '1.1.20' ],
69 silly audit   'word-wrap': [ '1.2.5' ],
69 silly audit   'workbox-background-sync': [ '6.6.0' ],
69 silly audit   'workbox-broadcast-update': [ '6.6.0' ],
69 silly audit   'workbox-build': [ '6.6.0' ],
69 silly audit   '@apideck/better-ajv-errors': [ '0.3.7' ],
69 silly audit   'workbox-cacheable-response': [ '6.6.0' ],
69 silly audit   'workbox-core': [ '6.6.0' ],
69 silly audit   'workbox-expiration': [ '6.6.0' ],
69 silly audit   'workbox-google-analytics': [ '6.6.0' ],
69 silly audit   'workbox-navigation-preload': [ '6.6.0' ],
69 silly audit   'workbox-precaching': [ '6.6.0' ],
69 silly audit   'workbox-range-requests': [ '6.6.0' ],
69 silly audit   'workbox-recipes': [ '6.6.0' ],
69 silly audit   'workbox-routing': [ '6.6.0' ],
69 silly audit   'workbox-strategies': [ '6.6.0' ],
69 silly audit   'workbox-streams': [ '6.6.0' ],
69 silly audit   'workbox-sw': [ '6.6.0' ],
69 silly audit   'workbox-webpack-plugin': [ '6.6.0' ],
69 silly audit   'workbox-window': [ '6.6.0' ],
69 silly audit   'wrap-ansi': [ '7.0.0' ],
69 silly audit   wrappy: [ '1.0.2' ],
69 silly audit   'write-file-atomic': [ '3.0.3' ],
69 silly audit   'xml-name-validator': [ '3.0.0' ],
69 silly audit   xmlchars: [ '2.2.0' ],
69 silly audit   y18n: [ '5.0.8' ],
69 silly audit   yallist: [ '3.1.1' ],
69 silly audit   'yet-another-react-lightbox': [ '3.32.0' ],
69 silly audit   'yocto-queue': [ '0.1.0' ],
69 silly audit   xlsx: [ '0.18.5' ],
69 silly audit   'adler-32': [ '1.3.1' ],
69 silly audit   cfb: [ '1.2.2' ],
69 silly audit   codepage: [ '1.15.0' ],
69 silly audit   'crc-32': [ '1.2.2' ],
69 silly audit   ssf: [ '0.11.2' ],
69 silly audit   wmf: [ '1.0.2' ],
69 silly audit   word: [ '0.3.0' ],
69 silly audit   frac: [ '1.1.2' ]
69 silly audit }
70 verbose reify failed optional dependency D:\stsebastian-church\node_modules\fsevents
71 silly reify mark deleted [ 'D:\\stsebastian-church\\node_modules\\fsevents' ]
72 http cache frac@https://registry.npmjs.org/frac/-/frac-1.1.2.tgz 0ms (cache hit)
73 http cache word@https://registry.npmjs.org/word/-/word-0.3.0.tgz 0ms (cache hit)
74 http cache wmf@https://registry.npmjs.org/wmf/-/wmf-1.0.2.tgz 0ms (cache hit)
75 http cache ssf@https://registry.npmjs.org/ssf/-/ssf-0.11.2.tgz 0ms (cache hit)
76 http cache codepage@https://registry.npmjs.org/codepage/-/codepage-1.15.0.tgz 0ms (cache hit)
77 http cache cfb@https://registry.npmjs.org/cfb/-/cfb-1.2.2.tgz 0ms (cache hit)
78 http cache xlsx@https://registry.npmjs.org/xlsx/-/xlsx-0.18.5.tgz 0ms (cache hit)
79 http cache adler-32@https://registry.npmjs.org/adler-32/-/adler-32-1.3.1.tgz 0ms (cache hit)
80 http cache crc-32@https://registry.npmjs.org/crc-32/-/crc-32-1.2.2.tgz 0ms (cache hit)
81 silly tarball no local data for frac@https://registry.npmjs.org/frac/-/frac-1.1.2.tgz. Extracting by manifest.
82 silly tarball no local data for word@https://registry.npmjs.org/word/-/word-0.3.0.tgz. Extracting by manifest.
83 silly tarball no local data for wmf@https://registry.npmjs.org/wmf/-/wmf-1.0.2.tgz. Extracting by manifest.
84 silly tarball no local data for ssf@https://registry.npmjs.org/ssf/-/ssf-0.11.2.tgz. Extracting by manifest.
85 silly tarball no local data for codepage@https://registry.npmjs.org/codepage/-/codepage-1.15.0.tgz. Extracting by manifest.
86 silly tarball no local data for cfb@https://registry.npmjs.org/cfb/-/cfb-1.2.2.tgz. Extracting by manifest.
87 silly tarball no local data for xlsx@https://registry.npmjs.org/xlsx/-/xlsx-0.18.5.tgz. Extracting by manifest.
88 silly tarball no local data for adler-32@https://registry.npmjs.org/adler-32/-/adler-32-1.3.1.tgz. Extracting by manifest.
89 silly tarball no local data for crc-32@https://registry.npmjs.org/crc-32/-/crc-32-1.2.2.tgz. Extracting by manifest.
90 http fetch GET 200 https://registry.npmjs.org/word/-/word-0.3.0.tgz 116ms (cache miss)
91 http fetch GET 200 https://registry.npmjs.org/frac/-/frac-1.1.2.tgz 128ms (cache miss)
92 http fetch GET 200 https://registry.npmjs.org/ssf/-/ssf-0.11.2.tgz 136ms (cache miss)
93 http fetch GET 200 https://registry.npmjs.org/cfb/-/cfb-1.2.2.tgz 149ms (cache miss)
94 http fetch GET 200 https://registry.npmjs.org/wmf/-/wmf-1.0.2.tgz 199ms (cache miss)
95 http fetch POST 200 https://registry.npmjs.org/-/npm/v1/security/advisories/bulk 321ms
96 silly audit report {
96 silly audit report   '@tootallnate/once': [
96 silly audit report     {
96 silly audit report       id: 1113977,
96 silly audit report       url: 'https://github.com/advisories/GHSA-vpq2-c234-7xj6',
96 silly audit report       title: '@tootallnate/once vulnerable to Incorrect Control Flow Scoping',
96 silly audit report       severity: 'low',
96 silly audit report       vulnerable_versions: '<3.0.1',
96 silly audit report       cwe: [Array],
96 silly audit report       cvss: [Object]
96 silly audit report     }
96 silly audit report   ],
96 silly audit report   'nth-check': [
96 silly audit report     {
96 silly audit report       id: 1095141,
96 silly audit report       url: 'https://github.com/advisories/GHSA-rp65-9cf3-cjxr',
96 silly audit report       title: 'Inefficient Regular Expression Complexity in nth-check',
96 silly audit report       severity: 'high',
96 silly audit report       vulnerable_versions: '<2.0.1',
96 silly audit report       cwe: [Array],
96 silly audit report       cvss: [Object]
96 silly audit report     }
96 silly audit report   ],
96 silly audit report   postcss: [
96 silly audit report     {
96 silly audit report       id: 1109574,
96 silly audit report       url: 'https://github.com/advisories/GHSA-7fh5-64p2-3v2j',
96 silly audit report       title: 'PostCSS line return parsing error',
96 silly audit report       severity: 'moderate',
96 silly audit report       vulnerable_versions: '<8.4.31',
96 silly audit report       cwe: [Array],
96 silly audit report       cvss: [Object]
96 silly audit report     },
96 silly audit report     {
96 silly audit report       id: 1117015,
96 silly audit report       url: 'https://github.com/advisories/GHSA-qx2v-qp2m-jg93',
96 silly audit report       title: 'PostCSS has XSS via Unescaped </style> in its CSS Stringify Output',
96 silly audit report       severity: 'moderate',
96 silly audit report       vulnerable_versions: '<8.5.10',
96 silly audit report       cwe: [Array],
96 silly audit report       cvss: [Object]
96 silly audit report     }
96 silly audit report   ],
96 silly audit report   'serialize-javascript': [
96 silly audit report     {
96 silly audit report       id: 1113686,
96 silly audit report       url: 'https://github.com/advisories/GHSA-5c6j-r48x-rmvq',
96 silly audit report       title: 'Serialize JavaScript is Vulnerable to RCE via RegExp.flags and Date.prototype.toISOString()',
96 silly audit report       severity: 'high',
96 silly audit report       vulnerable_versions: '<=7.0.2',
96 silly audit report       cwe: [Array],
96 silly audit report       cvss: [Object]
96 silly audit report     },
96 silly audit report     {
96 silly audit report       id: 1115723,
96 silly audit report       url: 'https://github.com/advisories/GHSA-qj8w-gfj5-8c6v',
96 silly audit report       title: 'Serialize JavaScript has CPU Exhaustion Denial of Service via crafted array-like objects',
96 silly audit report       severity: 'moderate',
96 silly audit report       vulnerable_versions: '<7.0.5',
96 silly audit report       cwe: [Array],
96 silly audit report       cvss: [Object]
96 silly audit report     }
96 silly audit report   ],
96 silly audit report   underscore: [
96 silly audit report     {
96 silly audit report       id: 1113950,
96 silly audit report       url: 'https://github.com/advisories/GHSA-qpx9-hpmf-5gmw',
96 silly audit report       title: 'Underscore has unlimited recursion in _.flatten and _.isEqual, potential for DoS attack',
96 silly audit report       severity: 'high',
96 silly audit report       vulnerable_versions: '<=1.13.7',
96 silly audit report       cwe: [Array],
96 silly audit report       cvss: [Object]
96 silly audit report     }
96 silly audit report   ],
96 silly audit report   undici: [
96 silly audit report     {
96 silly audit report       id: 1101609,
96 silly audit report       url: 'https://github.com/advisories/GHSA-c76h-2ccp-4975',
96 silly audit report       title: 'Use of Insufficiently Random Values in undici',
96 silly audit report       severity: 'moderate',
96 silly audit report       vulnerable_versions: '>=6.0.0 <6.21.1',
96 silly audit report       cwe: [Array],
96 silly audit report       cvss: [Object]
96 silly audit report     },
96 silly audit report     {
96 silly audit report       id: 1112496,
96 silly audit report       url: 'https://github.com/advisories/GHSA-g9mf-h72j-4rw9',
96 silly audit report       title: 'Undici has an unbounded decompression chain in HTTP responses on Node.js Fetch API via Content-Encoding leads to resource exhaustion',
96 silly audit report       severity: 'moderate',
96 silly audit report       vulnerable_versions: '<6.23.0',
96 silly audit report       cwe: [Array],
96 silly audit report       cvss: [Object]
96 silly audit report     },
96 silly audit report     {
96 silly audit report       id: 1113068,
96 silly audit report       url: 'https://github.com/advisories/GHSA-cxrh-j4jr-qwg3',
96 silly audit report       title: 'undici Denial of Service attack via bad certificate data',
96 silly audit report       severity: 'low',
96 silly audit report       vulnerable_versions: '>=6.0.0 <6.21.2',
96 silly audit report       cwe: [Array],
96 silly audit report       cvss: [Object]
96 silly audit report     },
96 silly audit report     {
96 silly audit report       id: 1114592,
96 silly audit report       url: 'https://github.com/advisories/GHSA-f269-vfmq-vjvj',
96 silly audit report       title: 'Undici: Malicious WebSocket 64-bit length overflows parser and crashes the client',
96 silly audit report       severity: 'high',
96 silly audit report       vulnerable_versions: '>=6.0.0 <6.24.0',
96 silly audit report       cwe: [Array],
96 silly audit report       cvss: [Object]
96 silly audit report     },
96 silly audit report     {
96 silly audit report       id: 1114594,
96 silly audit report       url: 'https://github.com/advisories/GHSA-2mjp-6q6p-2qxm',
96 silly audit report       title: 'Undici has an HTTP Request/Response Smuggling issue',
96 silly audit report       severity: 'moderate',
96 silly audit report       vulnerable_versions: '<6.24.0',
96 silly audit report       cwe: [Array],
96 silly audit report       cvss: [Object]
96 silly audit report     },
96 silly audit report     {
96 silly audit report       id: 1114638,
96 silly audit report       url: 'https://github.com/advisories/GHSA-vrm6-8vpv-qv8q',
96 silly audit report       title: 'Undici has Unbounded Memory Consumption in WebSocket permessage-deflate Decompression',
96 silly audit report       severity: 'high',
96 silly audit report       vulnerable_versions: '<6.24.0',
96 silly audit report       cwe: [Array],
96 silly audit report       cvss: [Object]
96 silly audit report     },
96 silly audit report     {
96 silly audit report       id: 1114640,
96 silly audit report       url: 'https://github.com/advisories/GHSA-v9p9-hfj2-hcw8',
96 silly audit report       title: 'Undici has Unhandled Exception in WebSocket Client Due to Invalid server_max_window_bits Validation',
96 silly audit report       severity: 'high',
96 silly audit report       vulnerable_versions: '<6.24.0',
96 silly audit report       cwe: [Array],
96 silly audit report       cvss: [Object]
96 silly audit report     },
96 silly audit report     {
96 silly audit report       id: 1114642,
96 silly audit report       url: 'https://github.com/advisories/GHSA-4992-7rv2-5pvq',
96 silly audit report       title: 'Undici has CRLF Injection in undici via `upgrade` option',
96 silly audit report       severity: 'moderate',
96 silly audit report       vulnerable_versions: '<6.24.0',
96 silly audit report       cwe: [Array],
96 silly audit report       cvss: [Object]
96 silly audit report     }
96 silly audit report   ],
96 silly audit report   uuid: [
96 silly audit report     {
96 silly audit report       id: 1116970,
96 silly audit report       url: 'https://github.com/advisories/GHSA-w5hq-g745-h8pq',
96 silly audit report       title: 'uuid: Missing buffer bounds check in v3/v5/v6 when buf is provided',
96 silly audit report       severity: 'moderate',
96 silly audit report       vulnerable_versions: '<14.0.0',
96 silly audit report       cwe: [Array],
96 silly audit report       cvss: [Object]
96 silly audit report     }
96 silly audit report   ],
96 silly audit report   'webpack-dev-server': [
96 silly audit report     {
96 silly audit report       id: 1108429,
96 silly audit report       url: 'https://github.com/advisories/GHSA-9jgg-88mc-972h',
96 silly audit report       title: "webpack-dev-server users' source code may be stolen when they access a malicious web site with non-Chromium based browser",
96 silly audit report       severity: 'moderate',
96 silly audit report       vulnerable_versions: '<=5.2.0',
96 silly audit report       cwe: [Array],
96 silly audit report       cvss: [Object]
96 silly audit report     },
96 silly audit report     {
96 silly audit report       id: 1108430,
96 silly audit report       url: 'https://github.com/advisories/GHSA-4v9v-hfq4-rm2v',
96 silly audit report       title: "webpack-dev-server users' source code may be stolen when they access a malicious web site",
96 silly audit report       severity: 'moderate',
96 silly audit report       vulnerable_versions: '<=5.2.0',
96 silly audit report       cwe: [Array],
96 silly audit report       cvss: [Object]
96 silly audit report     }
96 silly audit report   ],
96 silly audit report   xlsx: [
96 silly audit report     {
96 silly audit report       id: 1108110,
96 silly audit report       url: 'https://github.com/advisories/GHSA-4r6h-8v6p-xvw6',
96 silly audit report       title: 'Prototype Pollution in sheetJS',
96 silly audit report       severity: 'high',
96 silly audit report       vulnerable_versions: '<0.19.3',
96 silly audit report       cwe: [Array],
96 silly audit report       cvss: [Object]
96 silly audit report     },
96 silly audit report     {
96 silly audit report       id: 1108111,
96 silly audit report       url: 'https://github.com/advisories/GHSA-5pgg-2g8v-p4x9',
96 silly audit report       title: 'SheetJS Regular Expression Denial of Service (ReDoS)',
96 silly audit report       severity: 'high',
96 silly audit report       vulnerable_versions: '<0.20.2',
96 silly audit report       cwe: [Array],
96 silly audit report       cvss: [Object]
96 silly audit report     }
96 silly audit report   ]
96 silly audit report }
97 silly packumentCache corgi:https://registry.npmjs.org/@tootallnate%2fonce cache-miss
98 silly packumentCache corgi:https://registry.npmjs.org/nth-check cache-miss
99 silly packumentCache corgi:https://registry.npmjs.org/postcss cache-miss
100 silly packumentCache corgi:https://registry.npmjs.org/serialize-javascript cache-miss
101 silly packumentCache corgi:https://registry.npmjs.org/underscore cache-miss
102 silly packumentCache corgi:https://registry.npmjs.org/undici cache-miss
103 silly packumentCache corgi:https://registry.npmjs.org/uuid cache-miss
104 silly packumentCache corgi:https://registry.npmjs.org/webpack-dev-server cache-miss
105 silly packumentCache corgi:https://registry.npmjs.org/xlsx cache-miss
106 http fetch GET 200 https://registry.npmjs.org/adler-32/-/adler-32-1.3.1.tgz 330ms (cache miss)
107 http fetch GET 200 https://registry.npmjs.org/crc-32/-/crc-32-1.2.2.tgz 332ms (cache miss)
108 http fetch GET 200 https://registry.npmjs.org/serialize-javascript 125ms (cache miss)
109 silly packumentCache corgi:https://registry.npmjs.org/serialize-javascript set size:undefined disposed:false
110 http fetch GET 200 https://registry.npmjs.org/@tootallnate%2fonce 131ms (cache miss)
111 silly packumentCache corgi:https://registry.npmjs.org/@tootallnate%2fonce set size:undefined disposed:false
112 http fetch GET 200 https://registry.npmjs.org/uuid 137ms (cache miss)
113 silly packumentCache corgi:https://registry.npmjs.org/uuid set size:undefined disposed:false
114 http fetch GET 200 https://registry.npmjs.org/underscore 337ms (cache miss)
115 silly packumentCache corgi:https://registry.npmjs.org/underscore set size:undefined disposed:false
116 http fetch GET 200 https://registry.npmjs.org/undici 531ms (cache miss)
117 silly packumentCache corgi:https://registry.npmjs.org/undici set size:undefined disposed:false
118 http fetch GET 200 https://registry.npmjs.org/postcss 606ms (cache miss)
119 silly packumentCache corgi:https://registry.npmjs.org/postcss set size:undefined disposed:false
120 http fetch GET 200 https://registry.npmjs.org/codepage/-/codepage-1.15.0.tgz 1015ms (cache miss)
121 http fetch GET 200 https://registry.npmjs.org/webpack-dev-server 723ms (cache miss)
122 silly packumentCache corgi:https://registry.npmjs.org/webpack-dev-server set size:undefined disposed:false
123 http fetch GET 200 https://registry.npmjs.org/xlsx 1325ms (cache miss)
124 silly packumentCache corgi:https://registry.npmjs.org/xlsx set size:undefined disposed:false
125 http fetch GET 200 https://registry.npmjs.org/nth-check 1540ms (cache miss)
126 silly packumentCache corgi:https://registry.npmjs.org/nth-check set size:undefined disposed:false
127 silly packumentCache corgi:https://registry.npmjs.org/http-proxy-agent cache-miss
128 http fetch GET 200 https://registry.npmjs.org/http-proxy-agent 43ms (cache miss)
129 silly packumentCache corgi:https://registry.npmjs.org/http-proxy-agent set size:undefined disposed:false
130 silly packumentCache corgi:https://registry.npmjs.org/css-select cache-miss
131 http fetch GET 200 https://registry.npmjs.org/xlsx/-/xlsx-0.18.5.tgz 1984ms (cache miss)
132 http fetch GET 200 https://registry.npmjs.org/css-select 760ms (cache miss)
133 silly packumentCache corgi:https://registry.npmjs.org/css-select set size:undefined disposed:false
134 silly packumentCache corgi:https://registry.npmjs.org/resolve-url-loader cache-miss
135 http fetch GET 200 https://registry.npmjs.org/resolve-url-loader 311ms (cache miss)
136 silly packumentCache corgi:https://registry.npmjs.org/resolve-url-loader set size:undefined disposed:false
137 silly packumentCache corgi:https://registry.npmjs.org/rollup-plugin-terser cache-miss
138 silly packumentCache corgi:https://registry.npmjs.org/css-minimizer-webpack-plugin cache-miss
139 http fetch GET 200 https://registry.npmjs.org/rollup-plugin-terser 289ms (cache miss)
140 silly packumentCache corgi:https://registry.npmjs.org/rollup-plugin-terser set size:undefined disposed:false
141 http fetch GET 200 https://registry.npmjs.org/css-minimizer-webpack-plugin 520ms (cache miss)
142 silly packumentCache corgi:https://registry.npmjs.org/css-minimizer-webpack-plugin set size:undefined disposed:false
143 silly packumentCache corgi:https://registry.npmjs.org/jsonpath cache-miss
144 http fetch GET 200 https://registry.npmjs.org/jsonpath 310ms (cache miss)
145 silly packumentCache corgi:https://registry.npmjs.org/jsonpath set size:undefined disposed:false
146 silly packumentCache corgi:https://registry.npmjs.org/@firebase%2fauth cache-miss
147 silly packumentCache corgi:https://registry.npmjs.org/@firebase%2fauth-compat cache-miss
148 silly packumentCache corgi:https://registry.npmjs.org/@firebase%2ffirestore cache-miss
149 silly packumentCache corgi:https://registry.npmjs.org/@firebase%2ffunctions cache-miss
150 silly packumentCache corgi:https://registry.npmjs.org/@firebase%2fstorage cache-miss
151 http fetch GET 200 https://registry.npmjs.org/@firebase%2ffirestore 2022ms (cache miss)
152 silly packumentCache corgi:https://registry.npmjs.org/@firebase%2ffirestore set size:undefined disposed:false
153 http fetch GET 200 https://registry.npmjs.org/@firebase%2ffunctions 3563ms (cache miss)
154 silly packumentCache corgi:https://registry.npmjs.org/@firebase%2ffunctions set size:undefined disposed:false
155 http fetch GET 200 https://registry.npmjs.org/@firebase%2fauth 3860ms (cache miss)
156 silly packumentCache corgi:https://registry.npmjs.org/@firebase%2fauth set size:undefined disposed:false
157 http fetch GET 200 https://registry.npmjs.org/@firebase%2fauth-compat 4481ms (cache miss)
158 silly packumentCache corgi:https://registry.npmjs.org/@firebase%2fauth-compat set size:undefined disposed:false
159 http fetch GET 200 https://registry.npmjs.org/@firebase%2fstorage 4582ms (cache miss)
160 silly packumentCache corgi:https://registry.npmjs.org/@firebase%2fstorage set size:undefined disposed:false
161 silly packumentCache corgi:https://registry.npmjs.org/sockjs cache-miss
162 http fetch GET 200 https://registry.npmjs.org/sockjs 50ms (cache miss)
163 silly packumentCache corgi:https://registry.npmjs.org/sockjs set size:undefined disposed:false
164 silly packumentCache corgi:https://registry.npmjs.org/@pmmmwh%2freact-refresh-webpack-plugin cache-miss
165 silly packumentCache corgi:https://registry.npmjs.org/react-scripts cache-miss
166 http fetch GET 200 https://registry.npmjs.org/react-scripts 335ms (cache miss)
167 silly packumentCache corgi:https://registry.npmjs.org/react-scripts set size:undefined disposed:false
168 http fetch GET 200 https://registry.npmjs.org/@pmmmwh%2freact-refresh-webpack-plugin 1130ms (cache miss)
169 silly packumentCache corgi:https://registry.npmjs.org/@pmmmwh%2freact-refresh-webpack-plugin set size:undefined disposed:false
170 silly packumentCache corgi:https://registry.npmjs.org/jsdom cache-miss
171 http fetch GET 200 https://registry.npmjs.org/jsdom 616ms (cache miss)
172 silly packumentCache corgi:https://registry.npmjs.org/jsdom set size:undefined disposed:false
173 silly packumentCache corgi:https://registry.npmjs.org/svgo cache-miss
174 http fetch GET 200 https://registry.npmjs.org/svgo 207ms (cache miss)
175 silly packumentCache corgi:https://registry.npmjs.org/svgo set size:undefined disposed:false
176 silly packumentCache corgi:https://registry.npmjs.org/workbox-build cache-miss
177 http fetch GET 200 https://registry.npmjs.org/workbox-build 595ms (cache miss)
178 silly packumentCache corgi:https://registry.npmjs.org/workbox-build set size:undefined disposed:false
179 silly packumentCache corgi:https://registry.npmjs.org/bfj cache-miss
180 http fetch GET 200 https://registry.npmjs.org/bfj 292ms (cache miss)
181 silly packumentCache corgi:https://registry.npmjs.org/bfj set size:undefined disposed:false
182 silly packumentCache corgi:https://registry.npmjs.org/@firebase%2ffirestore-compat cache-miss
183 silly packumentCache corgi:https://registry.npmjs.org/firebase cache-miss
184 http fetch GET 200 https://registry.npmjs.org/@firebase%2ffirestore-compat 1712ms (cache miss)
185 silly packumentCache corgi:https://registry.npmjs.org/@firebase%2ffirestore-compat set size:undefined disposed:false
186 http fetch GET 200 https://registry.npmjs.org/firebase 10382ms (cache miss)
187 silly packumentCache corgi:https://registry.npmjs.org/firebase set size:undefined disposed:false
188 silly packumentCache corgi:https://registry.npmjs.org/@firebase%2ffunctions-compat cache-miss
189 http fetch GET 200 https://registry.npmjs.org/@firebase%2ffunctions-compat 12870ms (cache miss)
190 silly packumentCache corgi:https://registry.npmjs.org/@firebase%2ffunctions-compat set size:undefined disposed:false
191 silly packumentCache corgi:https://registry.npmjs.org/@firebase%2fstorage-compat cache-miss
192 http fetch GET 200 https://registry.npmjs.org/@firebase%2fstorage-compat 13239ms (cache miss)
193 silly packumentCache corgi:https://registry.npmjs.org/@firebase%2fstorage-compat set size:undefined disposed:false
194 silly packumentCache corgi:https://registry.npmjs.org/jest-environment-jsdom cache-miss
195 http fetch GET 200 https://registry.npmjs.org/jest-environment-jsdom 188ms (cache miss)
196 silly packumentCache corgi:https://registry.npmjs.org/jest-environment-jsdom set size:undefined disposed:false
197 silly packumentCache corgi:https://registry.npmjs.org/@svgr%2fplugin-svgo cache-miss
198 http fetch GET 200 https://registry.npmjs.org/@svgr%2fplugin-svgo 1064ms (cache miss)
199 silly packumentCache corgi:https://registry.npmjs.org/@svgr%2fplugin-svgo set size:undefined disposed:false
200 silly packumentCache corgi:https://registry.npmjs.org/workbox-webpack-plugin cache-miss
201 http fetch GET 200 https://registry.npmjs.org/workbox-webpack-plugin 323ms (cache miss)
202 silly packumentCache corgi:https://registry.npmjs.org/workbox-webpack-plugin set size:undefined disposed:false
203 silly packumentCache corgi:https://registry.npmjs.org/jest-config cache-miss
204 silly packumentCache corgi:https://registry.npmjs.org/jest-runner cache-miss
205 http fetch GET 200 https://registry.npmjs.org/jest-config 476ms (cache miss)
206 silly packumentCache corgi:https://registry.npmjs.org/jest-config set size:undefined disposed:false
207 http fetch GET 200 https://registry.npmjs.org/jest-runner 793ms (cache miss)
208 silly packumentCache corgi:https://registry.npmjs.org/jest-runner set size:undefined disposed:false
209 silly packumentCache corgi:https://registry.npmjs.org/@svgr%2fwebpack cache-miss
210 http fetch GET 200 https://registry.npmjs.org/@svgr%2fwebpack 1411ms (cache miss)
211 silly packumentCache corgi:https://registry.npmjs.org/@svgr%2fwebpack set size:undefined disposed:false
212 silly packumentCache corgi:https://registry.npmjs.org/@jest%2fcore cache-miss
213 silly packumentCache corgi:https://registry.npmjs.org/jest-cli cache-miss
214 http fetch GET 200 https://registry.npmjs.org/jest-cli 772ms (cache miss)
215 silly packumentCache corgi:https://registry.npmjs.org/jest-cli set size:undefined disposed:false
216 http fetch GET 200 https://registry.npmjs.org/@jest%2fcore 2959ms (cache miss)
217 silly packumentCache corgi:https://registry.npmjs.org/@jest%2fcore set size:undefined disposed:false
218 silly packumentCache corgi:https://registry.npmjs.org/jest cache-miss
219 http fetch GET 200 https://registry.npmjs.org/jest 681ms (cache miss)
220 silly packumentCache corgi:https://registry.npmjs.org/jest set size:undefined disposed:false
221 silly packumentCache corgi:https://registry.npmjs.org/jest-watch-typeahead cache-miss
222 http fetch GET 200 https://registry.npmjs.org/jest-watch-typeahead 318ms (cache miss)
223 silly packumentCache corgi:https://registry.npmjs.org/jest-watch-typeahead set size:undefined disposed:false
224 silly ADD node_modules/frac
225 silly ADD node_modules/word
226 silly ADD node_modules/wmf
227 silly ADD node_modules/ssf
228 silly ADD node_modules/crc-32
229 silly ADD node_modules/codepage
230 silly ADD node_modules/cfb
231 silly ADD node_modules/adler-32
232 silly ADD node_modules/xlsx
233 silly ADD
234 verbose cwd D:\stsebastian-church
235 verbose os Windows_NT 10.0.26200
236 verbose node v22.20.0
237 verbose npm  v10.9.3
238 verbose exit 0
239 info ok
